Component: ARM Compiler 5.06 update 6 (build 750) Tool: armlink [4d35ed]

==============================================================================

Section Cross References

    mbed/TARGET_NUCLEO_F401RE/TOOLCHAIN_ARM_STD/board.o(i.mbed_die) refers to mbed/TARGET_NUCLEO_F401RE/TOOLCHAIN_ARM_STD/mbed.ar(gpio.o)(i.gpio_init_out) for gpio_init_out
    mbed/TARGET_NUCLEO_F401RE/TOOLCHAIN_ARM_STD/board.o(i.mbed_die) refers to mbed/TARGET_NUCLEO_F401RE/TOOLCHAIN_ARM_STD/mbed.ar(assert.o)(i.mbed_assert_internal) for mbed_assert_internal
    mbed/TARGET_NUCLEO_F401RE/TOOLCHAIN_ARM_STD/board.o(i.mbed_die) refers to mbed/TARGET_NUCLEO_F401RE/TOOLCHAIN_ARM_STD/mbed.ar(wait_api.o)(i.wait_ms) for wait_ms
    mbed/TARGET_NUCLEO_F401RE/TOOLCHAIN_ARM_STD/board.o(i.mbed_die) refers to mbed/TARGET_NUCLEO_F401RE/TOOLCHAIN_ARM_STD/board.o(.constdata) for .constdata
    mbed/TARGET_NUCLEO_F401RE/TOOLCHAIN_ARM_STD/cmsis_nvic.o(i.NVIC_SetVector) refers to C:\Keil_v5\ARM\ARMCC\Bin\..\lib\armlib\c_w.l(rt_memmove_w.o)(.text) for __aeabi_memmove4
    mbed/TARGET_NUCLEO_F401RE/TOOLCHAIN_ARM_STD/hal_tick.o(i.HAL_InitTick) refers to mbed/TARGET_NUCLEO_F401RE/TOOLCHAIN_ARM_STD/system_stm32f4xx.o(i.SystemCoreClockUpdate) for SystemCoreClockUpdate
    mbed/TARGET_NUCLEO_F401RE/TOOLCHAIN_ARM_STD/hal_tick.o(i.HAL_InitTick) refers to mbed/TARGET_NUCLEO_F401RE/TOOLCHAIN_ARM_STD/stm32f4xx_hal_tim.o(i.HAL_TIM_OC_Init) for HAL_TIM_OC_Init
    mbed/TARGET_NUCLEO_F401RE/TOOLCHAIN_ARM_STD/hal_tick.o(i.HAL_InitTick) refers to mbed/TARGET_NUCLEO_F401RE/TOOLCHAIN_ARM_STD/cmsis_nvic.o(i.NVIC_SetVector) for NVIC_SetVector
    mbed/TARGET_NUCLEO_F401RE/TOOLCHAIN_ARM_STD/hal_tick.o(i.HAL_InitTick) refers to mbed/TARGET_NUCLEO_F401RE/TOOLCHAIN_ARM_STD/stm32f4xx_hal_tim.o(i.HAL_TIM_OC_Start) for HAL_TIM_OC_Start
    mbed/TARGET_NUCLEO_F401RE/TOOLCHAIN_ARM_STD/hal_tick.o(i.HAL_InitTick) refers to mbed/TARGET_NUCLEO_F401RE/TOOLCHAIN_ARM_STD/hal_tick.o(.bss) for .bss
    mbed/TARGET_NUCLEO_F401RE/TOOLCHAIN_ARM_STD/hal_tick.o(i.HAL_InitTick) refers to mbed/TARGET_NUCLEO_F401RE/TOOLCHAIN_ARM_STD/system_stm32f4xx.o(.data) for SystemCoreClock
    mbed/TARGET_NUCLEO_F401RE/TOOLCHAIN_ARM_STD/hal_tick.o(i.HAL_InitTick) refers to mbed/TARGET_NUCLEO_F401RE/TOOLCHAIN_ARM_STD/hal_tick.o(i.timer_irq_handler) for timer_irq_handler
    mbed/TARGET_NUCLEO_F401RE/TOOLCHAIN_ARM_STD/hal_tick.o(i.HAL_InitTick) refers to mbed/TARGET_NUCLEO_F401RE/TOOLCHAIN_ARM_STD/hal_tick.o(.data) for .data
    mbed/TARGET_NUCLEO_F401RE/TOOLCHAIN_ARM_STD/hal_tick.o(i.timer_irq_handler) refers to mbed/TARGET_NUCLEO_F401RE/TOOLCHAIN_ARM_STD/mbed.ar(us_ticker_api.o)(i.us_ticker_irq_handler) for us_ticker_irq_handler
    mbed/TARGET_NUCLEO_F401RE/TOOLCHAIN_ARM_STD/hal_tick.o(i.timer_irq_handler) refers to mbed/TARGET_NUCLEO_F401RE/TOOLCHAIN_ARM_STD/stm32f4xx_hal.o(i.HAL_IncTick) for HAL_IncTick
    mbed/TARGET_NUCLEO_F401RE/TOOLCHAIN_ARM_STD/hal_tick.o(i.timer_irq_handler) refers to mbed/TARGET_NUCLEO_F401RE/TOOLCHAIN_ARM_STD/hal_tick.o(.bss) for .bss
    mbed/TARGET_NUCLEO_F401RE/TOOLCHAIN_ARM_STD/hal_tick.o(i.timer_irq_handler) refers to mbed/TARGET_NUCLEO_F401RE/TOOLCHAIN_ARM_STD/hal_tick.o(.data) for .data
    mbed/TARGET_NUCLEO_F401RE/TOOLCHAIN_ARM_STD/mbed_overrides.o(i.mbed_sdk_init) refers to mbed/TARGET_NUCLEO_F401RE/TOOLCHAIN_ARM_STD/system_stm32f4xx.o(i.SystemCoreClockUpdate) for SystemCoreClockUpdate
    mbed/TARGET_NUCLEO_F401RE/TOOLCHAIN_ARM_STD/mbed_overrides.o(i.mbed_sdk_init) refers to mbed/TARGET_NUCLEO_F401RE/TOOLCHAIN_ARM_STD/stm32f4xx_hal.o(i.HAL_Init) for HAL_Init
    mbed/TARGET_NUCLEO_F401RE/TOOLCHAIN_ARM_STD/retarget.o(i.$Sub$$main) refers to mbed/TARGET_NUCLEO_F401RE/TOOLCHAIN_ARM_STD/mbed_overrides.o(i.mbed_sdk_init) for mbed_sdk_init
    mbed/TARGET_NUCLEO_F401RE/TOOLCHAIN_ARM_STD/retarget.o(i.$Sub$$main) refers to mbed/TARGET_NUCLEO_F401RE/TOOLCHAIN_ARM_STD/retarget.o(i.mbed_main) for mbed_main
    mbed/TARGET_NUCLEO_F401RE/TOOLCHAIN_ARM_STD/retarget.o(i.$Sub$$main) refers to .\build\main.o(i.main) for $Super$$main
    mbed/TARGET_NUCLEO_F401RE/TOOLCHAIN_ARM_STD/retarget.o(i._ZN4mbed10FileHandleD0Ev) refers to C:\Keil_v5\ARM\ARMCC\Bin\..\lib\cpplib\cpprt_w.l(delete.o)(i._ZdlPv) for operator delete (void*)
    mbed/TARGET_NUCLEO_F401RE/TOOLCHAIN_ARM_STD/retarget.o(i._ZN4mbed10FileHandleD0Ev) refers to mbed/TARGET_NUCLEO_F401RE/TOOLCHAIN_ARM_STD/retarget.o(.constdata__ZTVN4mbed10FileHandleE) for vtable for mbed::FileHandle
    mbed/TARGET_NUCLEO_F401RE/TOOLCHAIN_ARM_STD/retarget.o(i._ZN4mbed10FileHandleD0Ev) refers to mbed/TARGET_NUCLEO_F401RE/TOOLCHAIN_ARM_STD/retarget.o(.bss) for .bss
    mbed/TARGET_NUCLEO_F401RE/TOOLCHAIN_ARM_STD/retarget.o(i._ZN4mbed10FileHandleD2Ev) refers to mbed/TARGET_NUCLEO_F401RE/TOOLCHAIN_ARM_STD/retarget.o(.constdata__ZTVN4mbed10FileHandleE) for vtable for mbed::FileHandle
    mbed/TARGET_NUCLEO_F401RE/TOOLCHAIN_ARM_STD/retarget.o(i._ZN4mbed10FileHandleD2Ev) refers to mbed/TARGET_NUCLEO_F401RE/TOOLCHAIN_ARM_STD/retarget.o(.bss) for .bss
[...]
    mbed::Stream::write(const void*, unsigned) 0x080047cd   Thumb Code    42  mbed/TARGET_NUCLEO_F401RE/TOOLCHAIN_ARM_STD/mbed.ar(Stream.o)(i._ZN4mbed6Stream5writeEPKvj)
    mbed::Stream::isatty()                   0x080047f7   Thumb Code     4  mbed/TARGET_NUCLEO_F401RE/TOOLCHAIN_ARM_STD/mbed.ar(Stream.o)(i._ZN4mbed6Stream6isattyEv)
    mbed::Stream::Stream__sub_object(const char*) 0x080047fd   Thumb Code    52  mbed/TARGET_NUCLEO_F401RE/TOOLCHAIN_ARM_STD/mbed.ar(Stream.o)(i._ZN4mbed6StreamC2EPKc)
    mbed::Stream::~Stream()                  0x0800483d   Thumb Code     0  mbed/TARGET_NUCLEO_F401RE/TOOLCHAIN_ARM_STD/mbed.ar(Stream.o)(i._ZN4mbed6StreamD2Ev)
    mbed::Stream::~Stream__sub_object()      0x0800483d   Thumb Code    28  mbed/TARGET_NUCLEO_F401RE/TOOLCHAIN_ARM_STD/mbed.ar(Stream.o)(i._ZN4mbed6StreamD2Ev)
    mbed::FileBase::getPathType()            0x0800485d   Thumb Code     4  mbed/TARGET_NUCLEO_F401RE/TOOLCHAIN_ARM_STD/mbed.ar(FileBase.o)(i._ZN4mbed8FileBase11getPathTypeEv)
    mbed::FileBase::lookup(const char*, unsigned) 0x08004861   Thumb Code    50  mbed/TARGET_NUCLEO_F401RE/TOOLCHAIN_ARM_STD/mbed.ar(FileBase.o)(i._ZN4mbed8FileBase6lookupEPKcj)
    mbed::FileBase::FileBase(const char*, mbed::PathType) 0x08004899   Thumb Code    28  mbed/TARGET_NUCLEO_F401RE/TOOLCHAIN_ARM_STD/mbed.ar(FileBase.o)(i._ZN4mbed8FileBaseC1EPKcNS_8PathTypeE)
    mbed::FileBase::FileBase__sub_object(const char*, mbed::PathType) 0x08004899   Thumb Code     0  mbed/TARGET_NUCLEO_F401RE/TOOLCHAIN_ARM_STD/mbed.ar(FileBase.o)(i._ZN4mbed8FileBaseC1EPKcNS_8PathTypeE)
    mbed::FileBase::~FileBase()              0x080048bd   Thumb Code    46  mbed/TARGET_NUCLEO_F401RE/TOOLCHAIN_ARM_STD/mbed.ar(FileBase.o)(i._ZN4mbed8FileBaseD1Ev)
    mbed::FileBase::~FileBase__sub_object()  0x080048bd   Thumb Code     0  mbed/TARGET_NUCLEO_F401RE/TOOLCHAIN_ARM_STD/mbed.ar(FileBase.o)(i._ZN4mbed8FileBaseD1Ev)
    mbed::FileLike::FileLike__sub_object(const char*) 0x080048f5   Thumb Code    26  mbed/TARGET_NUCLEO_F401RE/TOOLCHAIN_ARM_STD/mbed.ar(FileLike.o)(i._ZN4mbed8FileLikeC2EPKc)
    mbed::FileLike::~FileLike()              0x08004919   Thumb Code     0  mbed/TARGET_NUCLEO_F401RE/TOOLCHAIN_ARM_STD/mbed.ar(FileLike.o)(i._ZN4mbed8FileLikeD2Ev)
    mbed::FileLike::~FileLike__sub_object()  0x08004919   Thumb Code    18  mbed/TARGET_NUCLEO_F401RE/TOOLCHAIN_ARM_STD/mbed.ar(FileLike.o)(i._ZN4mbed8FileLikeD2Ev)
    mbed::FilePath::fileSystem()             0x0800492b   Thumb Code    24  mbed/TARGET_NUCLEO_F401RE/TOOLCHAIN_ARM_STD/mbed.ar(FilePath.o)(i._ZN4mbed8FilePath10fileSystemEv)
    mbed::FilePath::file()                   0x08004943   Thumb Code    28  mbed/TARGET_NUCLEO_F401RE/TOOLCHAIN_ARM_STD/mbed.ar(FilePath.o)(i._ZN4mbed8FilePath4fileEv)
    mbed::FilePath::exists()                 0x0800495f   Thumb Code    10  mbed/TARGET_NUCLEO_F401RE/TOOLCHAIN_ARM_STD/mbed.ar(FilePath.o)(i._ZN4mbed8FilePath6existsEv)
    mbed::FilePath::isFile()                 0x08004969   Thumb Code    24  mbed/TARGET_NUCLEO_F401RE/TOOLCHAIN_ARM_STD/mbed.ar(FilePath.o)(i._ZN4mbed8FilePath6isFileEv)
    mbed::FilePath::fileName()               0x08004981   Thumb Code     4  mbed/TARGET_NUCLEO_F401RE/TOOLCHAIN_ARM_STD/mbed.ar(FilePath.o)(i._ZN4mbed8FilePath8fileNameEv)
    mbed::FilePath::FilePath(const char*)    0x08004985   Thumb Code    64  mbed/TARGET_NUCLEO_F401RE/TOOLCHAIN_ARM_STD/mbed.ar(FilePath.o)(i._ZN4mbed8FilePathC1EPKc)
    mbed::FilePath::FilePath__sub_object(const char*) 0x08004985   Thumb Code     0  mbed/TARGET_NUCLEO_F401RE/TOOLCHAIN_ARM_STD/mbed.ar(FilePath.o)(i._ZN4mbed8FilePathC1EPKc)
    thunk{-84} to mbed::Serial::_putc(int)   0x080049c5   Thumb Code     6  mbed/TARGET_NUCLEO_F401RE/TOOLCHAIN_ARM_STD/mbed.ar(Serial.o)(i._ZThn84_N4mbed6Serial5_putcEi)
    __ARM_fpclassify                         0x080049cb   Thumb Code    48  C:\Keil_v5\ARM\ARMCC\Bin\..\lib\armlib\m_wm.l(fpclassify.o)(i.__ARM_fpclassify)
    __ARM_fpclassifyf                        0x080049fb   Thumb Code    38  C:\Keil_v5\ARM\ARMCC\Bin\..\lib\armlib\m_wm.l(fpclassifyf.o)(i.__ARM_fpclassifyf)
    __aeabi_vec_ctor_nocookie_nodtor         0x08004a21   Thumb Code    36  C:\Keil_v5\ARM\ARMCC\Bin\..\lib\cpplib\cpprt_w.l(aeabi_vec_ctor_nocookie_nodtor.o)(i.__aeabi_vec_ctor_nocookie_nodtor)
    __cxa_pure_virtual                       0x08004a45   Thumb Code     6  C:\Keil_v5\ARM\ARMCC\Bin\..\lib\cpplib\cpprt_w.l(pure_virt.o)(i.__cxa_pure_virtual)
    __hardfp_atan2f                          0x08004a4d   Thumb Code   502  C:\Keil_v5\ARM\ARMCC\Bin\..\lib\armlib\m_wm.l(atan2f.o)(i.__hardfp_atan2f)
    __mathlib_flt_infnan2                    0x08004c9d   Thumb Code     6  C:\Keil_v5\ARM\ARMCC\Bin\..\lib\armlib\m_wm.l(funder.o)(i.__mathlib_flt_infnan2)
    __mathlib_flt_underflow                  0x08004ca5   Thumb Code    10  C:\Keil_v5\ARM\ARMCC\Bin\..\lib\armlib\m_wm.l(funder.o)(i.__mathlib_flt_underflow)
    __user_setup_stackheap                   0x08004ce5   Thumb Code    10  mbed/TARGET_NUCLEO_F401RE/TOOLCHAIN_ARM_STD/sys.o(i.__user_setup_stackheap)
    _is_digit                                0x08004cf5   Thumb Code    14  C:\Keil_v5\ARM\ARMCC\Bin\..\lib\armlib\c_w.l(__printf_wp.o)(i._is_digit)
    _sys_close                               0x08004d05   Thumb Code    40  mbed/TARGET_NUCLEO_F401RE/TOOLCHAIN_ARM_STD/retarget.o(i._sys_close)
    _sys_flen                                0x08004d31   Thumb Code    34  mbed/TARGET_NUCLEO_F401RE/TOOLCHAIN_ARM_STD/retarget.o(i._sys_flen)
    _sys_istty                               0x08004d59   Thumb Code    34  mbed/TARGET_NUCLEO_F401RE/TOOLCHAIN_ARM_STD/retarget.o(i._sys_istty)
    _sys_open                                0x08004d81   Thumb Code   280  mbed/TARGET_NUCLEO_F401RE/TOOLCHAIN_ARM_STD/retarget.o(i._sys_open)
    _sys_seek                                0x08004eb5   Thumb Code    36  mbed/TARGET_NUCLEO_F401RE/TOOLCHAIN_ARM_STD/retarget.o(i._sys_seek)
    _sys_write                               0x08004edd   Thumb Code    82  mbed/TARGET_NUCLEO_F401RE/TOOLCHAIN_ARM_STD/retarget.o(i._sys_write)
    error                                    0x08004f3d   Thumb Code    20  mbed/TARGET_NUCLEO_F401RE/TOOLCHAIN_ARM_STD/mbed.ar(error.o)(i.error)
    exit                                     0x08004f55   Thumb Code    24  mbed/TARGET_NUCLEO_F401RE/TOOLCHAIN_ARM_STD/retarget.o(i.exit)
    fputc                                    0x08004f75   Thumb Code    26  C:\Keil_v5\ARM\ARMCC\Bin\..\lib\armlib\c_w.l(fputc.o)(i.fputc)
    get_us_ticker_data                       0x08004f91   Thumb Code     4  mbed/TARGET_NUCLEO_F401RE/TOOLCHAIN_ARM_STD/mbed.ar(us_ticker_api.o)(i.get_us_ticker_data)
    gpio_dir                                 0x08004f99   Thumb Code    52  mbed/TARGET_NUCLEO_F401RE/TOOLCHAIN_ARM_STD/mbed.ar(gpio_api.o)(i.gpio_dir)
    gpio_init                                0x08004fe9   Thumb Code    56  mbed/TARGET_NUCLEO_F401RE/TOOLCHAIN_ARM_STD/mbed.ar(gpio_api.o)(i.gpio_init)
    gpio_init_out                            0x08005021   Thumb Code    66  mbed/TARGET_NUCLEO_F401RE/TOOLCHAIN_ARM_STD/mbed.ar(gpio.o)(i.gpio_init_out)
    gpio_mode                                0x08005069   Thumb Code     8  mbed/TARGET_NUCLEO_F401RE/TOOLCHAIN_ARM_STD/mbed.ar(gpio_api.o)(i.gpio_mode)
    $Super$$main                             0x08005071   Thumb Code   336  .\build\main.o(i.main)
    mbed_assert_internal                     0x08005271   Thumb Code    12  mbed/TARGET_NUCLEO_F401RE/TOOLCHAIN_ARM_STD/mbed.ar(assert.o)(i.mbed_assert_internal)
    mbed_die                                 0x080052b1   Thumb Code    80  mbed/TARGET_NUCLEO_F401RE/TOOLCHAIN_ARM_STD/board.o(i.mbed_die)
    mbed_main                                0x08005305   Thumb Code     2  mbed/TARGET_NUCLEO_F401RE/TOOLCHAIN_ARM_STD/retarget.o(i.mbed_main)
    mbed_sdk_init                            0x08005307   Thumb Code    14  mbed/TARGET_NUCLEO_F401RE/TOOLCHAIN_ARM_STD/mbed_overrides.o(i.mbed_sdk_init)
    pin_function                             0x08005315   Thumb Code    78  mbed/TARGET_NUCLEO_F401RE/TOOLCHAIN_ARM_STD/mbed.ar(pinmap.o)(i.pin_function)
    pin_mode                                 0x08005381   Thumb Code    62  mbed/TARGET_NUCLEO_F401RE/TOOLCHAIN_ARM_STD/mbed.ar(pinmap.o)(i.pin_mode)
    pinmap_merge                             0x080053d9   Thumb Code    34  mbed/TARGET_NUCLEO_F401RE/TOOLCHAIN_ARM_STD/mbed.ar(pinmap_common.o)(i.pinmap_merge)
    pinmap_peripheral                        0x08005411   Thumb Code    58  mbed/TARGET_NUCLEO_F401RE/TOOLCHAIN_ARM_STD/mbed.ar(pinmap_common.o)(i.pinmap_peripheral)
    pinmap_pinout                            0x0800546d   Thumb Code    66  mbed/TARGET_NUCLEO_F401RE/TOOLCHAIN_ARM_STD/mbed.ar(pinmap_common.o)(i.pinmap_pinout)
    serial_init                              0x080054c5   Thumb Code   328  mbed/TARGET_NUCLEO_F401RE/TOOLCHAIN_ARM_STD/mbed.ar(serial_api.o)(i.serial_init)
    serial_irq_handler                       0x0800564d   Thumb Code    14  mbed/TARGET_NUCLEO_F401RE/TOOLCHAIN_ARM_STD/mbed.ar(serial_api.o)(i.serial_irq_handler)
    serial_putc                              0x08005665   Thumb Code    30  mbed/TARGET_NUCLEO_F401RE/TOOLCHAIN_ARM_STD/mbed.ar(serial_api.o)(i.serial_putc)
    ticker_irq_handler                       0x08005689   Thumb Code    78  mbed/TARGET_NUCLEO_F401RE/TOOLCHAIN_ARM_STD/mbed.ar(ticker_api.o)(i.ticker_irq_handler)
    ticker_read                              0x080056d7   Thumb Code     6  mbed/TARGET_NUCLEO_F401RE/TOOLCHAIN_ARM_STD/mbed.ar(ticker_api.o)(i.ticker_read)
    timer_irq_handler                        0x080056dd   Thumb Code    76  mbed/TARGET_NUCLEO_F401RE/TOOLCHAIN_ARM_STD/hal_tick.o(i.timer_irq_handler)
    us_ticker_clear_interrupt                0x08005731   Thumb Code    12  mbed/TARGET_NUCLEO_F401RE/TOOLCHAIN_ARM_STD/mbed.ar(us_ticker.o)(i.us_ticker_clear_interrupt)
    us_ticker_disable_interrupt              0x08005741   Thumb Code    14  mbed/TARGET_NUCLEO_F401RE/TOOLCHAIN_ARM_STD/mbed.ar(us_ticker.o)(i.us_ticker_disable_interrupt)
    us_ticker_init                           0x08005755   Thumb Code    26  mbed/TARGET_NUCLEO_F401RE/TOOLCHAIN_ARM_STD/mbed.ar(us_ticker.o)(i.us_ticker_init)
    us_ticker_irq_handler                    0x0800577d   Thumb Code     6  mbed/TARGET_NUCLEO_F401RE/TOOLCHAIN_ARM_STD/mbed.ar(us_ticker_api.o)(i.us_ticker_irq_handler)
    us_ticker_read                           0x08005789   Thumb Code    30  mbed/TARGET_NUCLEO_F401RE/TOOLCHAIN_ARM_STD/mbed.ar(us_ticker.o)(i.us_ticker_read)
    us_ticker_set_interrupt                  0x080057b9   Thumb Code    16  mbed/TARGET_NUCLEO_F401RE/TOOLCHAIN_ARM_STD/mbed.ar(us_ticker.o)(i.us_ticker_set_interrupt)
    wait_ms                                  0x080057cd   Thumb Code    28  mbed/TARGET_NUCLEO_F401RE/TOOLCHAIN_ARM_STD/mbed.ar(wait_api.o)(i.wait_ms)
    _get_lc_numeric                          0x080057e9   Thumb Code    44  C:\Keil_v5\ARM\ARMCC\Bin\..\lib\armlib\c_w.l(lc_numeric_c.o)(locale$$code)
    _get_lc_ctype                            0x08005815   Thumb Code    44  C:\Keil_v5\ARM\ARMCC\Bin\..\lib\armlib\c_w.l(lc_ctype_c.o)(locale$$code)
    __fpl_dretinf                            0x08005841   Thumb Code    12  C:\Keil_v5\ARM\ARMCC\Bin\..\lib\armlib\fz_wm.l(dretinf.o)(x$fpl$dretinf)
    __aeabi_f2d                              0x0800584d   Thumb Code     0  C:\Keil_v5\ARM\ARMCC\Bin\..\lib\armlib\fz_wm.l(f2d.o)(x$fpl$f2d)
    _f2d                                     0x0800584d   Thumb Code    86  C:\Keil_v5\ARM\ARMCC\Bin\..\lib\armlib\fz_wm.l(f2d.o)(x$fpl$f2d)
    __fpl_fnaninf                            0x080058a3   Thumb Code   140  C:\Keil_v5\ARM\ARMCC\Bin\..\lib\armlib\fz_wm.l(fnaninf.o)(x$fpl$fnaninf)
    _fp_init                                 0x0800592f   Thumb Code    10  C:\Keil_v5\ARM\ARMCC\Bin\..\lib\armlib\fz_wm.l(fpinit.o)(x$fpl$fpinit)
    __fplib_config_fpu_vfp                   0x08005937   Thumb Code     0  C:\Keil_v5\ARM\ARMCC\Bin\..\lib\armlib\fz_wm.l(fpinit.o)(x$fpl$fpinit)
    __fplib_config_pureend_doubles           0x08005937   Thumb Code     0  C:\Keil_v5\ARM\ARMCC\Bin\..\lib\armlib\fz_wm.l(fpinit.o)(x$fpl$fpinit)
    _printf_fp_dec                           0x08005939   Thumb Code     4  C:\Keil_v5\ARM\ARMCC\Bin\..\lib\armlib\fz_wm.l(printf1.o)(x$fpl$printf1)
    _printf_fp_hex                           0x0800593d   Thumb Code     4  C:\Keil_v5\ARM\ARMCC\Bin\..\lib\armlib\fz_wm.l(printf2.o)(x$fpl$printf2)
    __I$use$fp                               0x08005940   Number         0  C:\Keil_v5\ARM\ARMCC\Bin\..\lib\armlib\fz_wm.l(usenofp.o)(x$fpl$usenofp)
    __stdin_name                             0x080059c6   Data           7  mbed/TARGET_NUCLEO_F401RE/TOOLCHAIN_ARM_STD/retarget.o(.constdata)
    __stdout_name                            0x080059cd   Data           8  mbed/TARGET_NUCLEO_F401RE/TOOLCHAIN_ARM_STD/retarget.o(.constdata)
    __stderr_name                            0x080059d5   Data           8  mbed/TARGET_NUCLEO_F401RE/TOOLCHAIN_ARM_STD/retarget.o(.constdata)
    APBAHBPrescTable                         0x080059dd   Data          16  mbed/TARGET_NUCLEO_F401RE/TOOLCHAIN_ARM_STD/stm32f4xx_hal_rcc.o(.constdata)
    AHBPrescTable                            0x080059ed   Data          16  mbed/TARGET_NUCLEO_F401RE/TOOLCHAIN_ARM_STD/system_stm32f4xx.o(.constdata)
    PinMap_UART_TX                           0x08005b24   Data          72  mbed/TARGET_NUCLEO_F401RE/TOOLCHAIN_ARM_STD/mbed.ar(PeripheralPins.o)(.constdata)
    PinMap_UART_RX                           0x08005b6c   Data          72  mbed/TARGET_NUCLEO_F401RE/TOOLCHAIN_ARM_STD/mbed.ar(PeripheralPins.o)(.constdata)
    vtable for mbed::FileHandle              0x08005dec   Data          44  mbed/TARGET_NUCLEO_F401RE/TOOLCHAIN_ARM_STD/retarget.o(.constdata__ZTVN4mbed10FileHandleE)
    vtable for mbed::SerialBase              0x08005e18   Data          16  .\build\main.o(.constdata__ZTVN4mbed10SerialBaseE)
    vtable for mbed::Serial                  0x08005e28   Data          92  mbed/TARGET_NUCLEO_F401RE/TOOLCHAIN_ARM_STD/mbed.ar(Serial.o)(.constdata__ZTVN4mbed6SerialE)
    vtable for mbed::Stream                  0x08005e84   Data          68  mbed/TARGET_NUCLEO_F401RE/TOOLCHAIN_ARM_STD/mbed.ar(Stream.o)(.constdata__ZTVN4mbed6StreamE)
    vtable for mbed::FileBase                0x08005ec8   Data          16  mbed/TARGET_NUCLEO_F401RE/TOOLCHAIN_ARM_STD/mbed.ar(FileBase.o)(.constdata__ZTVN4mbed8FileBaseE)
    vtable for mbed::FileLike                0x08005ed8   Data          60  mbed/TARGET_NUCLEO_F401RE/TOOLCHAIN_ARM_STD/mbed.ar(FileLike.o)(.constdata__ZTVN4mbed8FileLikeE)
    Region$$Table$$Base                      0x08005f14   Number         0  anon$$obj.o(Region$$Table)
    Region$$Table$$Limit                     0x08005f34   Number         0  anon$$obj.o(Region$$Table)
    __ctype                                  0x08005f5d   Data           0  C:\Keil_v5\ARM\ARMCC\Bin\..\lib\armlib\c_w.l(lc_ctype_c.o)(locale$$data)
    SHT$$INIT_ARRAY$$Base                    0x08006060   Number         0  .\build\main.o(.init_array)
    SHT$$INIT_ARRAY$$Limit                   0x08006064   Number         0  C:\Keil_v5\ARM\ARMCC\Bin\..\lib\armlib\c_w.l(init_aeabi.o)(.init_array)
    PreviousVal                              0x20000194   Data           4  mbed/TARGET_NUCLEO_F401RE/TOOLCHAIN_ARM_STD/hal_tick.o(.data)
    SystemCoreClock                          0x2000019c   Data           4  mbed/TARGET_NUCLEO_F401RE/TOOLCHAIN_ARM_STD/system_stm32f4xx.o(.data)
    gaussianMask                             0x200001a0   Data          18  .\build\main.o(.data)
    GxMask                                   0x200001b2   Data          18  .\build\main.o(.data)
    GyMask                                   0x200001c4   Data          18  .\build\main.o(.data)
    stdio_uart_inited                        0x200001d8   Data           4  mbed/TARGET_NUCLEO_F401RE/TOOLCHAIN_ARM_STD/mbed.ar(serial_api.o)(.data)
    mbed::FileBase::_head                    0x200001ec   Data           4  mbed/TARGET_NUCLEO_F401RE/TOOLCHAIN_ARM_STD/mbed.ar(FileBase.o)(.data)
    __aeabi_stdin                            0x200001f0   Data           4  C:\Keil_v5\ARM\ARMCC\Bin\..\lib\armlib\c_w.l(stdio_streams.o)(.data)
    __aeabi_stdout                           0x200001f4   Data           4  C:\Keil_v5\ARM\ARMCC\Bin\..\lib\armlib\c_w.l(stdio_streams.o)(.data)
    __aeabi_stderr                           0x200001f8   Data           4  C:\Keil_v5\ARM\ARMCC\Bin\..\lib\armlib\c_w.l(stdio_streams.o)(.data)
    TimMasterHandle                          0x20000200   Data          60  mbed/TARGET_NUCLEO_F401RE/TOOLCHAIN_ARM_STD/hal_tick.o(.bss)
    pc                                       0x2000027c   Data         228  .\build\main.o(.bss)
    timer                                    0x20000360   Data          16  .\build\main.o(.bss)
    message                                  0x20000370   Data          20  .\build\main.o(.bss)
    inp_img                                  0x20000384   Data       13448  .\build\main.o(.bss)
    out_img                                  0x2000380c   Data       13448  .\build\main.o(.bss)
    edge_Dir                                 0x20006c94   Data       13448  .\build\main.o(.bss)
    gradient                                 0x2000a11c   Data       13448  .\build\main.o(.bss)
    UartHandle                               0x2000d5c4   Data          64  mbed/TARGET_NUCLEO_F401RE/TOOLCHAIN_ARM_STD/mbed.ar(serial_api.o)(.bss)
    stdio_uart                               0x2000d604   Data          28  mbed/TARGET_NUCLEO_F401RE/TOOLCHAIN_ARM_STD/mbed.ar(serial_api.o)(.bss)
    __stdin                                  0x2000d65c   Data          84  C:\Keil_v5\ARM\ARMCC\Bin\..\lib\armlib\c_w.l(stdio_streams.o)(.bss)
    __stdout                                 0x2000d6b0   Data          84  C:\Keil_v5\ARM\ARMCC\Bin\..\lib\armlib\c_w.l(stdio_streams.o)(.bss)
    __stderr                                 0x2000d704   Data          84  C:\Keil_v5\ARM\ARMCC\Bin\..\lib\armlib\c_w.l(stdio_streams.o)(.bss)
    _random_number_data                      0x2000d758   Data         228  C:\Keil_v5\ARM\ARMCC\Bin\..\lib\armlib\c_w.l(rand.o)(.bss)
    Image$$RW_IRAM1$$ZI$$Limit               0x2000d85c   Number         0  anon$$obj.o ABSOLUTE



==============================================================================

Memory Map of the image

  Image Entry point : 0x08000195

  Load Region LR_IROM1 (Base: 0x08000000, Size: 0x000060d0, Max: 0x00080000, ABSOLUTE)

    Execution Region ER_IROM1 (Exec base: 0x08000000, Load base: 0x08000000, Size: 0x00006064, Max: 0x00080000, ABSOLUTE)

    Exec Addr    Load Addr    Size         Type   Attr      Idx    E Section Name        Object

    0x08000000   0x08000000   0x00000194   Data   RO          151    RESET               mbed/TARGET_NUCLEO_F401RE/TOOLCHAIN_ARM_STD/startup_stm32f401xe.o
    0x08000194   0x08000194   0x00000008   Code   RO         3081  * !!!main             C:\Keil_v5\ARM\ARMCC\Bin\..\lib\armlib\c_w.l(__main.o)
    0x0800019c   0x0800019c   0x00000034   Code   RO         3906    !!!scatter          C:\Keil_v5\ARM\ARMCC\Bin\..\lib\armlib\c_w.l(__scatter.o)
    0x080001d0   0x080001d0   0x0000001a   Code   RO         3908    !!handler_copy      C:\Keil_v5\ARM\ARMCC\Bin\..\lib\armlib\c_w.l(__scatter_copy.o)
    0x080001ea   0x080001ea   0x00000002   PAD
    0x080001ec   0x080001ec   0x0000001c   Code   RO         3910    !!handler_zi        C:\Keil_v5\ARM\ARMCC\Bin\..\lib\armlib\c_w.l(__scatter_zi.o)
    0x08000208   0x08000208   0x00000000   Code   RO         3013    .ARM.Collect$$_printf_percent$$00000000  C:\Keil_v5\ARM\ARMCC\Bin\..\lib\armlib\c_w.l(_printf_percent.o)
    0x08000208   0x08000208   0x00000006   Code   RO         3335    .ARM.Collect$$_printf_percent$$00000001  C:\Keil_v5\ARM\ARMCC\Bin\..\lib\armlib\c_w.l(_printf_n.o)
    0x0800020e   0x0800020e   0x00000006   Code   RO         3011    .ARM.Collect$$_printf_percent$$00000002  C:\Keil_v5\ARM\ARMCC\Bin\..\lib\armlib\c_w.l(_printf_p.o)
    0x08000214   0x08000214   0x00000006   Code   RO         3012    .ARM.Collect$$_printf_percent$$00000003  C:\Keil_v5\ARM\ARMCC\Bin\..\lib\armlib\c_w.l(_printf_f.o)
    0x0800021a   0x0800021a   0x00000006   Code   RO         3341    .ARM.Collect$$_printf_percent$$00000004  C:\Keil_v5\ARM\ARMCC\Bin\..\lib\armlib\c_w.l(_printf_e.o)
    0x08000220   0x08000220   0x00000006   Code   RO         3342    .ARM.Collect$$_printf_percent$$00000005  C:\Keil_v5\ARM\ARMCC\Bin\..\lib\armlib\c_w.l(_printf_g.o)
    0x08000226   0x08000226   0x00000006   Code   RO         3343    .ARM.Collect$$_printf_percent$$00000006  C:\Keil_v5\ARM\ARMCC\Bin\..\lib\armlib\c_w.l(_printf_a.o)
    0x0800022c   0x0800022c   0x0000000a   Code   RO         3348    .ARM.Collect$$_printf_percent$$00000007  C:\Keil_v5\ARM\ARMCC\Bin\..\lib\armlib\c_w.l(_printf_ll.o)
    0x08000236   0x08000236   0x00000006   Code   RO         3338    .ARM.Collect$$_printf_percent$$00000008  C:\Keil_v5\ARM\ARMCC\Bin\..\lib\armlib\c_w.l(_printf_i.o)
    0x0800023c   0x0800023c   0x00000006   Code   RO         3339    .ARM.Collect$$_printf_percent$$00000009  C:\Keil_v5\ARM\ARMCC\Bin\..\lib\armlib\c_w.l(_printf_d.o)
    0x08000242   0x08000242   0x00000006   Code   RO         3340    .ARM.Collect$$_printf_percent$$0000000A  C:\Keil_v5\ARM\ARMCC\Bin\..\lib\armlib\c_w.l(_printf_u.o)
    0x08000248   0x08000248   0x00000006   Code   RO         3337    .ARM.Collect$$_printf_percent$$0000000B  C:\Keil_v5\ARM\ARMCC\Bin\..\lib\armlib\c_w.l(_printf_o.o)
    0x0800024e   0x0800024e   0x00000006   Code   RO         3336    .ARM.Collect$$_printf_percent$$0000000C  C:\Keil_v5\ARM\ARMCC\Bin\..\lib\armlib\c_w.l(_printf_x.o)
    0x08000254   0x08000254   0x00000006   Code   RO         3345    .ARM.Collect$$_printf_percent$$0000000D  C:\Keil_v5\ARM\ARMCC\Bin\..\lib\armlib\c_w.l(_printf_lli.o)
    0x0800025a   0x0800025a   0x00000006   Code   RO         3346    .ARM.Collect$$_printf_percent$$0000000E  C:\Keil_v5\ARM\ARMCC\Bin\..\lib\armlib\c_w.l(_printf_lld.o)
    0x08000260   0x08000260   0x00000006   Code   RO         3347    .ARM.Collect$$_printf_percent$$0000000F  C:\Keil_v5\ARM\ARMCC\Bin\..\lib\armlib\c_w.l(_printf_llu.o)
    0x08000266   0x08000266   0x00000006   Code   RO         3352    .ARM.Collect$$_printf_percent$$00000010  C:\Keil_v5\ARM\ARMCC\Bin\..\lib\armlib\c_w.l(_printf_llo.o)
    0x0800026c   0x0800026c   0x00000006   Code   RO         3353    .ARM.Collect$$_printf_percent$$00000011  C:\Keil_v5\ARM\ARMCC\Bin\..\lib\armlib\c_w.l(_printf_llx.o)
    0x08000272   0x08000272   0x0000000a   Code   RO         3349    .ARM.Collect$$_printf_percent$$00000012  C:\Keil_v5\ARM\ARMCC\Bin\..\lib\armlib\c_w.l(_printf_l.o)
    0x0800027c   0x0800027c   0x00000006   Code   RO         3334    .ARM.Collect$$_printf_percent$$00000013  C:\Keil_v5\ARM\ARMCC\Bin\..\lib\armlib\c_w.l(_printf_c.o)
    0x08000282   0x08000282   0x00000006   Code   RO         3010    .ARM.Collect$$_printf_percent$$00000014  C:\Keil_v5\ARM\ARMCC\Bin\..\lib\armlib\c_w.l(_printf_s.o)
    0x08000288   0x08000288   0x00000006   Code   RO         3350    .ARM.Collect$$_printf_percent$$00000015  C:\Keil_v5\ARM\ARMCC\Bin\..\lib\armlib\c_w.l(_printf_lc.o)
    0x0800028e   0x0800028e   0x00000006   Code   RO         3351    .ARM.Collect$$_printf_percent$$00000016  C:\Keil_v5\ARM\ARMCC\Bin\..\lib\armlib\c_w.l(_printf_ls.o)
    0x08000294   0x08000294   0x00000004   Code   RO         3344    .ARM.Collect$$_printf_percent$$00000017  C:\Keil_v5\ARM\ARMCC\Bin\..\lib\armlib\c_w.l(_printf_percent_end.o)
    0x08000298   0x08000298   0x00000002   Code   RO         3760    .ARM.Collect$$libinit$$00000000  C:\Keil_v5\ARM\ARMCC\Bin\..\lib\armlib\c_w.l(libinit.o)
    0x0800029a   0x0800029a   0x00000004   Code   RO         3402    .ARM.Collect$$libinit$$00000001  C:\Keil_v5\ARM\ARMCC\Bin\..\lib\armlib\c_w.l(libinit2.o)
    0x0800029e   0x0800029e   0x00000000   Code   RO         3405    .ARM.Collect$$libinit$$00000004  C:\Keil_v5\ARM\ARMCC\Bin\..\lib\armlib\c_w.l(libinit2.o)
    0x0800029e   0x0800029e   0x00000008   Code   RO         3406    .ARM.Collect$$libinit$$00000005  C:\Keil_v5\ARM\ARMCC\Bin\..\lib\armlib\c_w.l(libinit2.o)
    0x080002a6   0x080002a6   0x00000000   Code   RO         3408    .ARM.Collect$$libinit$$0000000A  C:\Keil_v5\ARM\ARMCC\Bin\..\lib\armlib\c_w.l(libinit2.o)
    0x080002a6   0x080002a6   0x00000000   Code   RO         3410    .ARM.Collect$$libinit$$0000000C  C:\Keil_v5\ARM\ARMCC\Bin\..\lib\armlib\c_w.l(libinit2.o)
    0x080002a6   0x080002a6   0x00000004   Code   RO         3411    .ARM.Collect$$libinit$$0000000D  C:\Keil_v5\ARM\ARMCC\Bin\..\lib\armlib\c_w.l(libinit2.o)
    0x080002aa   0x080002aa   0x00000000   Code   RO         3412    .ARM.Collect$$libinit$$0000000E  C:\Keil_v5\ARM\ARMCC\Bin\..\lib\armlib\c_w.l(libinit2.o)
    0x080002aa   0x080002aa   0x00000006   Code   RO         3413    .ARM.Collect$$libinit$$0000000F  C:\Keil_v5\ARM\ARMCC\Bin\..\lib\armlib\c_w.l(libinit2.o)
    0x080002b0   0x080002b0   0x00000000   Code   RO         3415    .ARM.Collect$$libinit$$00000011  C:\Keil_v5\ARM\ARMCC\Bin\..\lib\armlib\c_w.l(libinit2.o)
    0x080002b0   0x080002b0   0x0000000c   Code   RO         3416    .ARM.Collect$$libinit$$00000012  C:\Keil_v5\ARM\ARMCC\Bin\..\lib\armlib\c_w.l(libinit2.o)
    0x080002bc   0x080002bc   0x00000000   Code   RO         3417    .ARM.Collect$$libinit$$00000013  C:\Keil_v5\ARM\ARMCC\Bin\..\lib\armlib\c_w.l(libinit2.o)
    0x080002bc   0x080002bc   0x00000000   Code   RO         3419    .ARM.Collect$$libinit$$00000015  C:\Keil_v5\ARM\ARMCC\Bin\..\lib\armlib\c_w.l(libinit2.o)
    0x080002bc   0x080002bc   0x0000000a   Code   RO         3420    .ARM.Collect$$libinit$$00000016  C:\Keil_v5\ARM\ARMCC\Bin\..\lib\armlib\c_w.l(libinit2.o)
    0x080002c6   0x080002c6   0x00000000   Code   RO         3421    .ARM.Collect$$libinit$$00000017  C:\Keil_v5\ARM\ARMCC\Bin\..\lib\armlib\c_w.l(libinit2.o)
    0x080002c6   0x080002c6   0x00000000   Code   RO         3423    .ARM.Collect$$libinit$$00000019  C:\Keil_v5\ARM\ARMCC\Bin\..\lib\armlib\c_w.l(libinit2.o)
    0x080002c6   0x080002c6   0x00000000   Code   RO         3425    .ARM.Collect$$libinit$$0000001B  C:\Keil_v5\ARM\ARMCC\Bin\..\lib\armlib\c_w.l(libinit2.o)
    0x080002c6   0x080002c6   0x00000000   Code   RO         3427    .ARM.Collect$$libinit$$0000001D  C:\Keil_v5\ARM\ARMCC\Bin\..\lib\armlib\c_w.l(libinit2.o)
    0x080002c6   0x080002c6   0x00000000   Code   RO         3429    .ARM.Collect$$libinit$$0000001F  C:\Keil_v5\ARM\ARMCC\Bin\..\lib\armlib\c_w.l(libinit2.o)
    0x080002c6   0x080002c6   0x00000000   Code   RO         3431    .ARM.Collect$$libinit$$00000021  C:\Keil_v5\ARM\ARMCC\Bin\..\lib\armlib\c_w.l(libinit2.o)
    0x080002c6   0x080002c6   0x00000000   Code   RO         3433    .ARM.Collect$$libinit$$00000023  C:\Keil_v5\ARM\ARMCC\Bin\..\lib\armlib\c_w.l(libinit2.o)
    0x080002c6   0x080002c6   0x00000004   Code   RO         3434    .ARM.Collect$$libinit$$00000024  C:\Keil_v5\ARM\ARMCC\Bin\..\lib\armlib\c_w.l(libinit2.o)
    0x080002ca   0x080002ca   0x00000000   Code   RO         3435    .ARM.Collect$$libinit$$00000025  C:\Keil_v5\ARM\ARMCC\Bin\..\lib\armlib\c_w.l(libinit2.o)
    0x080002ca   0x080002ca   0x00000000   Code   RO         3439    .ARM.Collect$$libinit$$0000002C  C:\Keil_v5\ARM\ARMCC\Bin\..\lib\armlib\c_w.l(libinit2.o)
    0x080002ca   0x080002ca   0x00000000   Code   RO         3441    .ARM.Collect$$libinit$$0000002E  C:\Keil_v5\ARM\ARMCC\Bin\..\lib\armlib\c_w.l(libinit2.o)
    0x080002ca   0x080002ca   0x00000000   Code   RO         3443    .ARM.Collect$$libinit$$00000030  C:\Keil_v5\ARM\ARMCC\Bin\..\lib\armlib\c_w.l(libinit2.o)
    0x080002ca   0x080002ca   0x00000004   Code   RO         3444    .ARM.Collect$$libinit$$00000031  C:\Keil_v5\ARM\ARMCC\Bin\..\lib\armlib\c_w.l(libinit2.o)
    0x080002ce   0x080002ce   0x00000000   Code   RO         3445    .ARM.Collect$$libinit$$00000032  C:\Keil_v5\ARM\ARMCC\Bin\..\lib\armlib\c_w.l(libinit2.o)
    0x080002ce   0x080002ce   0x00000002   Code   RO         3446    .ARM.Collect$$libinit$$00000033  C:\Keil_v5\ARM\ARMCC\Bin\..\lib\armlib\c_w.l(libinit2.o)
    0x080002d0   0x080002d0   0x00000000   Code   RO         3663    .ARM.Collect$$libshutdown$$00000002  C:\Keil_v5\ARM\ARMCC\Bin\..\lib\armlib\c_w.l(libshutdown2.o)
    0x080002d0   0x080002d0   0x00000000   Code   RO         3665    .ARM.Collect$$libshutdown$$00000004  C:\Keil_v5\ARM\ARMCC\Bin\..\lib\armlib\c_w.l(libshutdown2.o)
    0x080002d0   0x080002d0   0x00000000   Code   RO         3226    .ARM.Collect$$rtentry$$00000000  C:\Keil_v5\ARM\ARMCC\Bin\..\lib\armlib\c_w.l(__rtentry.o)
    0x080002d0   0x080002d0   0x00000000   Code   RO         3516    .ARM.Collect$$rtentry$$00000002  C:\Keil_v5\ARM\ARMCC\Bin\..\lib\armlib\c_w.l(__rtentry2.o)
    0x080002d0   0x080002d0   0x00000006   Code   RO         3528    .ARM.Collect$$rtentry$$00000004  C:\Keil_v5\ARM\ARMCC\Bin\..\lib\armlib\c_w.l(__rtentry4.o)
    0x080002d6   0x080002d6   0x00000000   Code   RO         3518    .ARM.Collect$$rtentry$$00000009  C:\Keil_v5\ARM\ARMCC\Bin\..\lib\armlib\c_w.l(__rtentry2.o)
    0x080002d6   0x080002d6   0x00000004   Code   RO         3519    .ARM.Collect$$rtentry$$0000000A  C:\Keil_v5\ARM\ARMCC\Bin\..\lib\armlib\c_w.l(__rtentry2.o)
    0x080002da   0x080002da   0x00000000   Code   RO         3521    .ARM.Collect$$rtentry$$0000000C  C:\Keil_v5\ARM\ARMCC\Bin\..\lib\armlib\c_w.l(__rtentry2.o)
    0x080002da   0x080002da   0x00000008   Code   RO         3522    .ARM.Collect$$rtentry$$0000000D  C:\Keil_v5\ARM\ARMCC\Bin\..\lib\armlib\c_w.l(__rtentry2.o)
    0x080002e2   0x080002e2   0x00000002   PAD
    0x080002e4   0x080002e4   0x00000034   Code   RO         3056    .emb_text           C:\Keil_v5\ARM\ARMCC\Bin\..\lib\armlib\c_w.l(rand.o)
    0x08000318   0x08000318   0x00000000   Code   RO         3724    .emb_text           C:\Keil_v5\ARM\ARMCC\Bin\..\lib\armlib\c_w.l(maybetermalloc1.o)
    0x08000318   0x08000318   0x00000024   Code   RO          152    .text               mbed/TARGET_NUCLEO_F401RE/TOOLCHAIN_ARM_STD/startup_stm32f401xe.o
    0x0800033c   0x0800033c   0x0000000a   Code   RO         2949    .text               C:\Keil_v5\ARM\ARMCC\Bin\..\lib\armlib\c_w.l(vfprintf.o)
    0x08000346   0x08000346   0x00000002   PAD
    0x08000348   0x08000348   0x00000018   Code   RO         2953    .text               C:\Keil_v5\ARM\ARMCC\Bin\..\lib\armlib\c_w.l(__2printf.o)
    0x08000360   0x08000360   0x0000002c   Code   RO         2955    .text               C:\Keil_v5\ARM\ARMCC\Bin\..\lib\armlib\c_w.l(__2sprintf.o)
    0x0800038c   0x0800038c   0x00000038   Code   RO         2957    .text               C:\Keil_v5\ARM\ARMCC\Bin\..\lib\armlib\c_w.l(__2snprintf.o)
    0x080003c4   0x080003c4   0x00000052   Code   RO         2967    .text               C:\Keil_v5\ARM\ARMCC\Bin\..\lib\armlib\c_w.l(_printf_str.o)
    0x08000416   0x08000416   0x00000002   PAD
    0x08000418   0x08000418   0x00000094   Code   RO         2987    .text               C:\Keil_v5\ARM\ARMCC\Bin\..\lib\armlib\c_w.l(_printf_hex_int_ll_ptr.o)
    0x080004ac   0x080004ac   0x00000188   Code   RO         3007    .text               C:\Keil_v5\ARM\ARMCC\Bin\..\lib\armlib\c_w.l(__printf_flags_ss_wp.o)
    0x08000634   0x08000634   0x0000003c   Code   RO         3016    .text               C:\Keil_v5\ARM\ARMCC\Bin\..\lib\armlib\c_w.l(__0sscanf.o)
    0x08000670   0x08000670   0x0000014c   Code   RO         3018    .text               C:\Keil_v5\ARM\ARMCC\Bin\..\lib\armlib\c_w.l(_scanf_int.o)
    0x080007bc   0x080007bc   0x00000064   Code   RO         3020    .text               C:\Keil_v5\ARM\ARMCC\Bin\..\lib\armlib\c_w.l(fflush.o)
    0x08000820   0x08000820   0x000000ec   Code   RO         3034    .text               C:\Keil_v5\ARM\ARMCC\Bin\..\lib\armlib\c_w.l(fopen.o)
    0x0800090c   0x0800090c   0x00000014   Code   RO         3036    .text               C:\Keil_v5\ARM\ARMCC\Bin\..\lib\armlib\c_w.l(setbuf.o)
    0x08000920   0x08000920   0x0000004c   Code   RO         3044    .text               C:\Keil_v5\ARM\ARMCC\Bin\..\lib\armlib\c_w.l(fclose.o)
    0x0800096c   0x0800096c   0x0000003c   Code   RO         3057    .text               C:\Keil_v5\ARM\ARMCC\Bin\..\lib\armlib\c_w.l(rand.o)
    0x080009a8   0x080009a8   0x0000002e   Code   RO         3064    .text               C:\Keil_v5\ARM\ARMCC\Bin\..\lib\armlib\c_w.l(aeabi_atexit.o)
    0x080009d6   0x080009d6   0x0000003e   Code   RO         3067    .text               C:\Keil_v5\ARM\ARMCC\Bin\..\lib\armlib\c_w.l(strlen.o)
    0x08000a14   0x08000a14   0x00000096   Code   RO         3069    .text               C:\Keil_v5\ARM\ARMCC\Bin\..\lib\armlib\c_w.l(strncmp.o)
    0x08000aaa   0x08000aaa   0x0000007a   Code   RO         3071    .text               C:\Keil_v5\ARM\ARMCC\Bin\..\lib\armlib\c_w.l(rt_memmove_w.o)
    0x08000b24   0x08000b24   0x00000044   Code   RO         3073    .text               C:\Keil_v5\ARM\ARMCC\Bin\..\lib\armlib\c_w.l(rt_memclr.o)
    0x08000b68   0x08000b68   0x0000004e   Code   RO         3075    .text               C:\Keil_v5\ARM\ARMCC\Bin\..\lib\armlib\c_w.l(rt_memclr_w.o)
    0x08000bb6   0x08000bb6   0x00000002   PAD
    0x08000bb8   0x08000bb8   0x00000080   Code   RO         3079    .text               C:\Keil_v5\ARM\ARMCC\Bin\..\lib\armlib\c_w.l(strcmpv7m.o)
    0x08000c38   0x08000c38   0x00000024   Code   RO         3086    .text               C:\Keil_v5\ARM\ARMCC\Bin\..\lib\armlib\c_w.l(init_aeabi.o)
    0x08000c5c   0x08000c5c   0x00000008   Code   RO         3232    .text               C:\Keil_v5\ARM\ARMCC\Bin\..\lib\armlib\c_w.l(rt_ddtor_pointer_addr.o)
    0x08000c64   0x08000c64   0x0000005e   Code   RO         3241    .text               C:\Keil_v5\ARM\ARMCC\Bin\..\lib\armlib\c_w.l(h1_alloc.o)
    0x08000cc2   0x08000cc2   0x0000004e   Code   RO         3243    .text               C:\Keil_v5\ARM\ARMCC\Bin\..\lib\armlib\c_w.l(h1_free.o)
    0x08000d10   0x08000d10   0x0000004e   Code   RO         3301    .text               C:\Keil_v5\ARM\ARMCC\Bin\..\lib\armlib\c_w.l(_printf_pad.o)
    0x08000d5e   0x08000d5e   0x00000024   Code   RO         3303    .text               C:\Keil_v5\ARM\ARMCC\Bin\..\lib\armlib\c_w.l(_printf_truncate.o)
    0x08000d82   0x08000d82   0x000000b2   Code   RO         3305    .text               C:\Keil_v5\ARM\ARMCC\Bin\..\lib\armlib\c_w.l(_printf_intcommon.o)
    0x08000e34   0x08000e34   0x00000078   Code   RO         3307    .text               C:\Keil_v5\ARM\ARMCC\Bin\..\lib\armlib\c_w.l(_printf_dec.o)
    0x08000eac   0x08000eac   0x00000028   Code   RO         3309    .text               C:\Keil_v5\ARM\ARMCC\Bin\..\lib\armlib\c_w.l(_printf_charcount.o)
    0x08000ed4   0x08000ed4   0x0000041e   Code   RO         3311    .text               C:\Keil_v5\ARM\ARMCC\Bin\..\lib\armlib\c_w.l(_printf_fp_dec.o)
    0x080012f2   0x080012f2   0x00000002   PAD
    0x080012f4   0x080012f4   0x00000030   Code   RO         3313    .text               C:\Keil_v5\ARM\ARMCC\Bin\..\lib\armlib\c_w.l(_printf_char_common.o)
    0x08001324   0x08001324   0x0000000a   Code   RO         3315    .text               C:\Keil_v5\ARM\ARMCC\Bin\..\lib\armlib\c_w.l(_sputc.o)
    0x0800132e   0x0800132e   0x00000010   Code   RO         3317    .text               C:\Keil_v5\ARM\ARMCC\Bin\..\lib\armlib\c_w.l(_snputc.o)
    0x0800133e   0x0800133e   0x0000002c   Code   RO         3319    .text               C:\Keil_v5\ARM\ARMCC\Bin\..\lib\armlib\c_w.l(_printf_char.o)
    0x0800136a   0x0800136a   0x00000002   PAD
    0x0800136c   0x0800136c   0x00000024   Code   RO         3321    .text               C:\Keil_v5\ARM\ARMCC\Bin\..\lib\armlib\c_w.l(_printf_char_file.o)
    0x08001390   0x08001390   0x000000bc   Code   RO         3323    .text               C:\Keil_v5\ARM\ARMCC\Bin\..\lib\armlib\c_w.l(_printf_wctomb.o)
    0x0800144c   0x0800144c   0x0000007c   Code   RO         3326    .text               C:\Keil_v5\ARM\ARMCC\Bin\..\lib\armlib\c_w.l(_printf_longlong_dec.o)
    0x080014c8   0x080014c8   0x00000070   Code   RO         3332    .text               C:\Keil_v5\ARM\ARMCC\Bin\..\lib\armlib\c_w.l(_printf_oct_int_ll.o)
    0x08001538   0x08001538   0x0000001c   Code   RO         3354    .text               C:\Keil_v5\ARM\ARMCC\Bin\..\lib\armlib\c_w.l(_chval.o)
    0x08001554   0x08001554   0x0000002c   Code   RO         3360    .text               C:\Keil_v5\ARM\ARMCC\Bin\..\lib\armlib\c_w.l(scanf_char.o)
    0x08001580   0x08001580   0x00000040   Code   RO         3362    .text               C:\Keil_v5\ARM\ARMCC\Bin\..\lib\armlib\c_w.l(_sgetc.o)
    0x080015c0   0x080015c0   0x00000008   Code   RO         3372    .text               C:\Keil_v5\ARM\ARMCC\Bin\..\lib\armlib\c_w.l(ferror.o)
    0x080015c8   0x080015c8   0x000001d6   Code   RO         3376    .text               C:\Keil_v5\ARM\ARMCC\Bin\..\lib\armlib\c_w.l(flsbuf.o)
    0x0800179e   0x0800179e   0x00000002   PAD
    0x080017a0   0x080017a0   0x000000f8   Code   RO         3378    .text               C:\Keil_v5\ARM\ARMCC\Bin\..\lib\armlib\c_w.l(fseek.o)
    0x08001898   0x08001898   0x00000046   Code   RO         3380    .text               C:\Keil_v5\ARM\ARMCC\Bin\..\lib\armlib\c_w.l(setvbuf.o)
    0x080018de   0x080018de   0x00000002   PAD
    0x080018e0   0x080018e0   0x000000f0   Code   RO         3382    .text               C:\Keil_v5\ARM\ARMCC\Bin\..\lib\armlib\c_w.l(stdio.o)
    0x080019d0   0x080019d0   0x00000138   Code   RO         3385    .text               C:\Keil_v5\ARM\ARMCC\Bin\..\lib\armlib\c_w.l(initio.o)
    0x08001b08   0x08001b08   0x00000042   Code   RO         3393    .text               C:\Keil_v5\ARM\ARMCC\Bin\..\lib\armlib\c_w.l(cxa_finalize.o)
    0x08001b4a   0x08001b4a   0x0000000e   Code   RO         3396    .text               C:\Keil_v5\ARM\ARMCC\Bin\..\lib\armlib\c_w.l(defsig_pvfn_outer.o)
    0x08001b58   0x08001b58   0x00000064   Code   RO         3400    .text               C:\Keil_v5\ARM\ARMCC\Bin\..\lib\armlib\c_w.l(rt_memcpy_w.o)
    0x08001bbc   0x08001bbc   0x00000008   Code   RO         3532    .text               C:\Keil_v5\ARM\ARMCC\Bin\..\lib\armlib\c_w.l(rt_heap_descriptor.o)
    0x08001bc4   0x08001bc4   0x00000008   Code   RO         3537    .text               C:\Keil_v5\ARM\ARMCC\Bin\..\lib\armlib\c_w.l(rt_locale.o)
    0x08001bcc   0x08001bcc   0x00000008   Code   RO         3542    .text               C:\Keil_v5\ARM\ARMCC\Bin\..\lib\armlib\c_w.l(rt_errno_addr.o)
    0x08001bd4   0x08001bd4   0x00000004   Code   RO         3547    .text               C:\Keil_v5\ARM\ARMCC\Bin\..\lib\armlib\c_w.l(hguard.o)
    0x08001bd8   0x08001bd8   0x0000008a   Code   RO         3549    .text               C:\Keil_v5\ARM\ARMCC\Bin\..\lib\armlib\c_w.l(init_alloc.o)
    0x08001c62   0x08001c62   0x0000000e   Code   RO         3553    .text               C:\Keil_v5\ARM\ARMCC\Bin\..\lib\armlib\c_w.l(h1_init.o)
    0x08001c70   0x08001c70   0x0000008a   Code   RO         3567    .text               C:\Keil_v5\ARM\ARMCC\Bin\..\lib\armlib\c_w.l(lludiv10.o)
    0x08001cfa   0x08001cfa   0x00000012   Code   RO         3569    .text               C:\Keil_v5\ARM\ARMCC\Bin\..\lib\armlib\c_w.l(isspace.o)
    0x08001d0c   0x08001d0c   0x000002fc   Code   RO         3571    .text               C:\Keil_v5\ARM\ARMCC\Bin\..\lib\armlib\c_w.l(_printf_fp_hex.o)
    0x08002008   0x08002008   0x00000080   Code   RO         3574    .text               C:\Keil_v5\ARM\ARMCC\Bin\..\lib\armlib\c_w.l(_printf_fp_infnan.o)
    0x08002088   0x08002088   0x0000002c   Code   RO         3580    .text               C:\Keil_v5\ARM\ARMCC\Bin\..\lib\armlib\c_w.l(_printf_wchar.o)
    0x080020b4   0x080020b4   0x00000374   Code   RO         3582    .text               C:\Keil_v5\ARM\ARMCC\Bin\..\lib\armlib\c_w.l(_scanf.o)
    0x08002428   0x08002428   0x000000e4   Code   RO         3590    .text               C:\Keil_v5\ARM\ARMCC\Bin\..\lib\armlib\c_w.l(bigflt0.o)
    0x0800250c   0x0800250c   0x00000042   Code   RO         3617    .text               C:\Keil_v5\ARM\ARMCC\Bin\..\lib\armlib\c_w.l(ftell.o)
    0x0800254e   0x0800254e   0x00000040   Code   RO         3643    .text               C:\Keil_v5\ARM\ARMCC\Bin\..\lib\armlib\c_w.l(_wcrtomb.o)
    0x0800258e   0x0800258e   0x0000000a   Code   RO         3648    .text               C:\Keil_v5\ARM\ARMCC\Bin\..\lib\armlib\c_w.l(defsig_exit.o)
    0x08002598   0x08002598   0x0000000e   Code   RO         3650    .text               C:\Keil_v5\ARM\ARMCC\Bin\..\lib\armlib\c_w.l(defsig_rtred_outer.o)
    0x080025a6   0x080025a6   0x00000002   PAD
    0x080025a8   0x080025a8   0x00000030   Code   RO         3654    .text               C:\Keil_v5\ARM\ARMCC\Bin\..\lib\armlib\c_w.l(defsig_pvfn_inner.o)
    0x080025d8   0x080025d8   0x0000000c   Code   RO         3713    .text               C:\Keil_v5\ARM\ARMCC\Bin\..\lib\armlib\c_w.l(sys_exit.o)
    0x080025e4   0x080025e4   0x00000010   Code   RO         3715    .text               C:\Keil_v5\ARM\ARMCC\Bin\..\lib\armlib\c_w.l(rt_ctype_table.o)
    0x080025f4   0x080025f4   0x00000034   Code   RO         3726    .text               C:\Keil_v5\ARM\ARMCC\Bin\..\lib\armlib\c_w.l(h1_extend.o)
    0x08002628   0x08002628   0x00000032   Code   RO         3736    .text               C:\Keil_v5\ARM\ARMCC\Bin\..\lib\armlib\c_w.l(defsig_general.o)
    0x0800265a   0x0800265a   0x00000002   PAD
    0x0800265c   0x0800265c   0x00000034   Code   RO         3738    .text               C:\Keil_v5\ARM\ARMCC\Bin\..\lib\armlib\c_w.l(defsig_rtred_inner.o)
    0x08002690   0x08002690   0x0000000e   Code   RO         3740    .text               C:\Keil_v5\ARM\ARMCC\Bin\..\lib\armlib\c_w.l(defsig_rtmem_outer.o)
    0x0800269e   0x0800269e   0x00000002   PAD
    0x080026a0   0x080026a0   0x00000050   Code   RO         3746    .text               C:\Keil_v5\ARM\ARMCC\Bin\..\lib\armlib\c_w.l(heapauxa.o)
    0x080026f0   0x080026f0   0x0000000e   Code   RO         3792    .text               C:\Keil_v5\ARM\ARMCC\Bin\..\lib\armlib\c_w.l(sys_wrch.o)
    0x080026fe   0x080026fe   0x00000002   Code   RO         3794    .text               C:\Keil_v5\ARM\ARMCC\Bin\..\lib\armlib\c_w.l(use_no_semi.o)
    0x08002700   0x08002700   0x00000000   Code   RO         3796    .text               C:\Keil_v5\ARM\ARMCC\Bin\..\lib\armlib\c_w.l(indicate_semi.o)
    0x08002700   0x08002700   0x00000050   Code   RO         3812    .text               C:\Keil_v5\ARM\ARMCC\Bin\..\lib\armlib\c_w.l(defsig_rtmem_inner.o)
    0x08002750   0x08002750   0x0000003e   Code   RO         3593    CL$$btod_d2e        C:\Keil_v5\ARM\ARMCC\Bin\..\lib\armlib\c_w.l(btod.o)
    0x0800278e   0x0800278e   0x00000046   Code   RO         3595    CL$$btod_d2e_denorm_low  C:\Keil_v5\ARM\ARMCC\Bin\..\lib\armlib\c_w.l(btod.o)
    0x080027d4   0x080027d4   0x00000060   Code   RO         3594    CL$$btod_d2e_norm_op1  C:\Keil_v5\ARM\ARMCC\Bin\..\lib\armlib\c_w.l(btod.o)
    0x08002834   0x08002834   0x00000338   Code   RO         3603    CL$$btod_div_common  C:\Keil_v5\ARM\ARMCC\Bin\..\lib\armlib\c_w.l(btod.o)
    0x08002b6c   0x08002b6c   0x000000dc   Code   RO         3600    CL$$btod_e2e        C:\Keil_v5\ARM\ARMCC\Bin\..\lib\armlib\c_w.l(btod.o)
    0x08002c48   0x08002c48   0x0000002a   Code   RO         3597    CL$$btod_ediv       C:\Keil_v5\ARM\ARMCC\Bin\..\lib\armlib\c_w.l(btod.o)
    0x08002c72   0x08002c72   0x0000002a   Code   RO         3596    CL$$btod_emul       C:\Keil_v5\ARM\ARMCC\Bin\..\lib\armlib\c_w.l(btod.o)
    0x08002c9c   0x08002c9c   0x00000244   Code   RO         3602    CL$$btod_mult_common  C:\Keil_v5\ARM\ARMCC\Bin\..\lib\armlib\c_w.l(btod.o)
    0x08002ee0   0x08002ee0   0x00000012   Code   RO           34    i.$Sub$$main        mbed/TARGET_NUCLEO_F401RE/TOOLCHAIN_ARM_STD/retarget.o
    0x08002ef2   0x08002ef2   0x00000008   Code   RO         2868    i.<Func1>           mbed/TARGET_NUCLEO_F401RE/TOOLCHAIN_ARM_STD/mbed.ar(SerialBase.o)
    0x08002efa   0x08002efa   0x00000002   PAD
    0x08002efc   0x08002efc   0x00000208   Code   RO          481    i.HAL_GPIO_Init     mbed/TARGET_NUCLEO_F401RE/TOOLCHAIN_ARM_STD/stm32f4xx_hal_gpio.o
    0x08003104   0x08003104   0x0000000c   Code   RO          169    i.HAL_GetTick       mbed/TARGET_NUCLEO_F401RE/TOOLCHAIN_ARM_STD/stm32f4xx_hal.o
    0x08003110   0x08003110   0x00000010   Code   RO          170    i.HAL_IncTick       mbed/TARGET_NUCLEO_F401RE/TOOLCHAIN_ARM_STD/stm32f4xx_hal.o
    0x08003120   0x08003120   0x00000034   Code   RO          171    i.HAL_Init          mbed/TARGET_NUCLEO_F401RE/TOOLCHAIN_ARM_STD/stm32f4xx_hal.o
    0x08003154   0x08003154   0x000000b4   Code   RO           18    i.HAL_InitTick      mbed/TARGET_NUCLEO_F401RE/TOOLCHAIN_ARM_STD/hal_tick.o
    0x08003208   0x08003208   0x00000002   Code   RO          174    i.HAL_MspInit       mbed/TARGET_NUCLEO_F401RE/TOOLCHAIN_ARM_STD/stm32f4xx_hal.o
    0x0800320a   0x0800320a   0x00000002   PAD
    0x0800320c   0x0800320c   0x00000024   Code   RO          308    i.HAL_NVIC_SetPriorityGrouping  mbed/TARGET_NUCLEO_F401RE/TOOLCHAIN_ARM_STD/stm32f4xx_hal_cortex.o
    0x08003230   0x08003230   0x00000238   Code   RO          975    i.HAL_RCC_ClockConfig  mbed/TARGET_NUCLEO_F401RE/TOOLCHAIN_ARM_STD/stm32f4xx_hal_rcc.o
    0x08003468   0x08003468   0x0000004c   Code   RO          982    i.HAL_RCC_GetPCLK1Freq  mbed/TARGET_NUCLEO_F401RE/TOOLCHAIN_ARM_STD/stm32f4xx_hal_rcc.o
    0x080034b4   0x080034b4   0x0000004c   Code   RO          983    i.HAL_RCC_GetPCLK2Freq  mbed/TARGET_NUCLEO_F401RE/TOOLCHAIN_ARM_STD/stm32f4xx_hal_rcc.o
    0x08003500   0x08003500   0x00000094   Code   RO          984    i.HAL_RCC_GetSysClockFreq  mbed/TARGET_NUCLEO_F401RE/TOOLCHAIN_ARM_STD/stm32f4xx_hal_rcc.o
    0x08003594   0x08003594   0x000003cc   Code   RO          987    i.HAL_RCC_OscConfig  mbed/TARGET_NUCLEO_F401RE/TOOLCHAIN_ARM_STD/stm32f4xx_hal_rcc.o
    0x08003960   0x08003960   0x00000036   Code   RO         1398    i.HAL_TIM_OC_Init   mbed/TARGET_NUCLEO_F401RE/TOOLCHAIN_ARM_STD/stm32f4xx_hal_tim.o
    0x08003996   0x08003996   0x00000002   Code   RO         1400    i.HAL_TIM_OC_MspInit  mbed/TARGET_NUCLEO_F401RE/TOOLCHAIN_ARM_STD/stm32f4xx_hal_tim.o
    0x08003998   0x08003998   0x00000036   Code   RO         1401    i.HAL_TIM_OC_Start  mbed/TARGET_NUCLEO_F401RE/TOOLCHAIN_ARM_STD/stm32f4xx_hal_tim.o
    0x080039ce   0x080039ce   0x0000005e   Code   RO         1637    i.HAL_UART_Init     mbed/TARGET_NUCLEO_F401RE/TOOLCHAIN_ARM_STD/stm32f4xx_hal_uart.o
    0x08003a2c   0x08003a2c   0x00000002   Code   RO         1639    i.HAL_UART_MspInit  mbed/TARGET_NUCLEO_F401RE/TOOLCHAIN_ARM_STD/stm32f4xx_hal_uart.o
    0x08003a2e   0x08003a2e   0x00000002   PAD
    0x08003a30   0x08003a30   0x0000006c   Code   RO           11    i.NVIC_SetVector    mbed/TARGET_NUCLEO_F401RE/TOOLCHAIN_ARM_STD/cmsis_nvic.o
    0x08003a9c   0x08003a9c   0x0000008c   Code   RO         1924    i.SetSysClock_PLL_HSE  mbed/TARGET_NUCLEO_F401RE/TOOLCHAIN_ARM_STD/system_stm32f4xx.o
    0x08003b28   0x08003b28   0x000000b0   Code   RO         2788    i.Set_GPIO_Clock    mbed/TARGET_NUCLEO_F401RE/TOOLCHAIN_ARM_STD/mbed.ar(pinmap.o)
    0x08003bd8   0x08003bd8   0x00000084   Code   RO         1926    i.SystemCoreClockUpdate  mbed/TARGET_NUCLEO_F401RE/TOOLCHAIN_ARM_STD/system_stm32f4xx.o
    0x08003c5c   0x08003c5c   0x00000110   Code   RO         1927    i.SystemInit        mbed/TARGET_NUCLEO_F401RE/TOOLCHAIN_ARM_STD/system_stm32f4xx.o
    0x08003d6c   0x08003d6c   0x00000094   Code   RO         1435    i.TIM_Base_SetConfig  mbed/TARGET_NUCLEO_F401RE/TOOLCHAIN_ARM_STD/stm32f4xx_hal_tim.o
    0x08003e00   0x08003e00   0x00000218   Code   RO         1655    i.UART_SetConfig    mbed/TARGET_NUCLEO_F401RE/TOOLCHAIN_ARM_STD/stm32f4xx_hal_uart.o
    0x08004018   0x08004018   0x0000009c   Code   RO         1939    i._Z13Gaussian_Blurv  .\build\main.o
    0x080040b4   0x080040b4   0x00000078   Code   RO         1940    i._Z13print_messagePcb  .\build\main.o
    0x0800412c   0x0800412c   0x0000021c   Code   RO         1942    i._Z20compare_Sobel_imagesv  .\build\main.o
    0x08004348   0x08004348   0x000000d8   Code   RO         1943    i._Z23compare_Gaussian_imagesv  .\build\main.o
    0x08004420   0x08004420   0x000001dc   Code   RO         1944    i._Z5Sobelv         .\build\main.o
    0x080045fc   0x080045fc   0x0000003a   Code   RO          145    i._ZN4mbed10FileHandle4flenEv  mbed/TARGET_NUCLEO_F401RE/TOOLCHAIN_ARM_STD/retarget.o
    0x08004636   0x08004636   0x00000002   PAD
    0x08004638   0x08004638   0x00000030   Code   RO           36    i._ZN4mbed10FileHandleD2Ev  mbed/TARGET_NUCLEO_F401RE/TOOLCHAIN_ARM_STD/retarget.o
    0x08004668   0x08004668   0x0000000e   Code   RO         2870    i._ZN4mbed10SerialBase10_base_putcEi  mbed/TARGET_NUCLEO_F401RE/TOOLCHAIN_ARM_STD/mbed.ar(SerialBase.o)
    0x08004676   0x08004676   0x0000002a   Code   RO         2872    i._ZN4mbed10SerialBase12_irq_handlerEj9SerialIrq  mbed/TARGET_NUCLEO_F401RE/TOOLCHAIN_ARM_STD/mbed.ar(SerialBase.o)
    0x080046a0   0x080046a0   0x00000054   Code   RO         2878    i._ZN4mbed10SerialBaseC1E7PinNameS1_  mbed/TARGET_NUCLEO_F401RE/TOOLCHAIN_ARM_STD/mbed.ar(SerialBase.o)
    0x080046f4   0x080046f4   0x00000006   Code   RO           37    i._ZN4mbed26mbed_set_unbuffered_streamEPSt6__FILE  mbed/TARGET_NUCLEO_F401RE/TOOLCHAIN_ARM_STD/retarget.o
    0x080046fa   0x080046fa   0x00000002   PAD
    0x080046fc   0x080046fc   0x0000002c   Code   RO         2691    i._ZN4mbed5Timer4readEv  mbed/TARGET_NUCLEO_F401RE/TOOLCHAIN_ARM_STD/mbed.ar(Timer.o)
    0x08004728   0x08004728   0x0000001e   Code   RO         2692    i._ZN4mbed5Timer4stopEv  mbed/TARGET_NUCLEO_F401RE/TOOLCHAIN_ARM_STD/mbed.ar(Timer.o)
    0x08004746   0x08004746   0x00000012   Code   RO         2693    i._ZN4mbed5Timer5resetEv  mbed/TARGET_NUCLEO_F401RE/TOOLCHAIN_ARM_STD/mbed.ar(Timer.o)
    0x08004758   0x08004758   0x0000001a   Code   RO         2694    i._ZN4mbed5Timer5startEv  mbed/TARGET_NUCLEO_F401RE/TOOLCHAIN_ARM_STD/mbed.ar(Timer.o)
    0x08004772   0x08004772   0x0000001e   Code   RO         2699    i._ZN4mbed5TimerC1Ev  mbed/TARGET_NUCLEO_F401RE/TOOLCHAIN_ARM_STD/mbed.ar(Timer.o)
    0x08004790   0x08004790   0x00000024   Code   RO         2585    i._ZN4mbed6SerialC1E7PinNameS1_PKc  mbed/TARGET_NUCLEO_F401RE/TOOLCHAIN_ARM_STD/mbed.ar(Serial.o)
    0x080047b4   0x080047b4   0x0000000c   Code   RO         2603    i._ZN4mbed6SerialD1Ev  mbed/TARGET_NUCLEO_F401RE/TOOLCHAIN_ARM_STD/mbed.ar(Serial.o)
    0x080047c0   0x080047c0   0x00000004   Code   RO         2625    i._ZN4mbed6Stream4flenEv  mbed/TARGET_NUCLEO_F401RE/TOOLCHAIN_ARM_STD/mbed.ar(Stream.o)
    0x080047c4   0x080047c4   0x00000004   Code   RO         2631    i._ZN4mbed6Stream5closeEv  mbed/TARGET_NUCLEO_F401RE/TOOLCHAIN_ARM_STD/mbed.ar(Stream.o)
    0x080047c8   0x080047c8   0x00000004   Code   RO         2633    i._ZN4mbed6Stream5lseekEli  mbed/TARGET_NUCLEO_F401RE/TOOLCHAIN_ARM_STD/mbed.ar(Stream.o)
    0x080047cc   0x080047cc   0x0000002a   Code   RO         2635    i._ZN4mbed6Stream5writeEPKvj  mbed/TARGET_NUCLEO_F401RE/TOOLCHAIN_ARM_STD/mbed.ar(Stream.o)
    0x080047f6   0x080047f6   0x00000004   Code   RO         2636    i._ZN4mbed6Stream6isattyEv  mbed/TARGET_NUCLEO_F401RE/TOOLCHAIN_ARM_STD/mbed.ar(Stream.o)
    0x080047fa   0x080047fa   0x00000002   PAD
    0x080047fc   0x080047fc   0x00000040   Code   RO         2638    i._ZN4mbed6StreamC2EPKc  mbed/TARGET_NUCLEO_F401RE/TOOLCHAIN_ARM_STD/mbed.ar(Stream.o)
    0x0800483c   0x0800483c   0x00000020   Code   RO         2640    i._ZN4mbed6StreamD2Ev  mbed/TARGET_NUCLEO_F401RE/TOOLCHAIN_ARM_STD/mbed.ar(Stream.o)
    0x0800485c   0x0800485c   0x00000004   Code   RO         2838    i._ZN4mbed8FileBase11getPathTypeEv  mbed/TARGET_NUCLEO_F401RE/TOOLCHAIN_ARM_STD/mbed.ar(FileBase.o)
    0x08004860   0x08004860   0x00000038   Code   RO         2840    i._ZN4mbed8FileBase6lookupEPKcj  mbed/TARGET_NUCLEO_F401RE/TOOLCHAIN_ARM_STD/mbed.ar(FileBase.o)
    0x08004898   0x08004898   0x00000024   Code   RO         2842    i._ZN4mbed8FileBaseC1EPKcNS_8PathTypeE  mbed/TARGET_NUCLEO_F401RE/TOOLCHAIN_ARM_STD/mbed.ar(FileBase.o)
    0x080048bc   0x080048bc   0x00000038   Code   RO         2844    i._ZN4mbed8FileBaseD1Ev  mbed/TARGET_NUCLEO_F401RE/TOOLCHAIN_ARM_STD/mbed.ar(FileBase.o)
    0x080048f4   0x080048f4   0x00000024   Code   RO         2815    i._ZN4mbed8FileLikeC2EPKc  mbed/TARGET_NUCLEO_F401RE/TOOLCHAIN_ARM_STD/mbed.ar(FileLike.o)
    0x08004918   0x08004918   0x00000012   Code   RO         2817    i._ZN4mbed8FileLikeD2Ev  mbed/TARGET_NUCLEO_F401RE/TOOLCHAIN_ARM_STD/mbed.ar(FileLike.o)
    0x0800492a   0x0800492a   0x00000018   Code   RO         2498    i._ZN4mbed8FilePath10fileSystemEv  mbed/TARGET_NUCLEO_F401RE/TOOLCHAIN_ARM_STD/mbed.ar(FilePath.o)
    0x08004942   0x08004942   0x0000001c   Code   RO         2500    i._ZN4mbed8FilePath4fileEv  mbed/TARGET_NUCLEO_F401RE/TOOLCHAIN_ARM_STD/mbed.ar(FilePath.o)
    0x0800495e   0x0800495e   0x0000000a   Code   RO         2501    i._ZN4mbed8FilePath6existsEv  mbed/TARGET_NUCLEO_F401RE/TOOLCHAIN_ARM_STD/mbed.ar(FilePath.o)
    0x08004968   0x08004968   0x00000018   Code   RO         2502    i._ZN4mbed8FilePath6isFileEv  mbed/TARGET_NUCLEO_F401RE/TOOLCHAIN_ARM_STD/mbed.ar(FilePath.o)
    0x08004980   0x08004980   0x00000004   Code   RO         2503    i._ZN4mbed8FilePath8fileNameEv  mbed/TARGET_NUCLEO_F401RE/TOOLCHAIN_ARM_STD/mbed.ar(FilePath.o)
    0x08004984   0x08004984   0x00000040   Code   RO         2504    i._ZN4mbed8FilePathC1EPKc  mbed/TARGET_NUCLEO_F401RE/TOOLCHAIN_ARM_STD/mbed.ar(FilePath.o)
    0x080049c4   0x080049c4   0x00000006   Code   RO         2587    i._ZThn84_N4mbed6Serial5_putcEi  mbed/TARGET_NUCLEO_F401RE/TOOLCHAIN_ARM_STD/mbed.ar(Serial.o)
    0x080049ca   0x080049ca   0x00000030   Code   RO         3711    i.__ARM_fpclassify  C:\Keil_v5\ARM\ARMCC\Bin\..\lib\armlib\m_wm.l(fpclassify.o)
    0x080049fa   0x080049fa   0x00000026   Code   RO         3496    i.__ARM_fpclassifyf  C:\Keil_v5\ARM\ARMCC\Bin\..\lib\armlib\m_wm.l(fpclassifyf.o)
    0x08004a20   0x08004a20   0x00000024   Code   RO         3205    i.__aeabi_vec_ctor_nocookie_nodtor  C:\Keil_v5\ARM\ARMCC\Bin\..\lib\cpplib\cpprt_w.l(aeabi_vec_ctor_nocookie_nodtor.o)
    0x08004a44   0x08004a44   0x00000006   Code   RO         3096    i.__cxa_pure_virtual  C:\Keil_v5\ARM\ARMCC\Bin\..\lib\cpplib\cpprt_w.l(pure_virt.o)
    0x08004a4a   0x08004a4a   0x00000002   PAD
    0x08004a4c   0x08004a4c   0x00000250   Code   RO         3212    i.__hardfp_atan2f   C:\Keil_v5\ARM\ARMCC\Bin\..\lib\armlib\m_wm.l(atan2f.o)
    0x08004c9c   0x08004c9c   0x00000006   Code   RO         3500    i.__mathlib_flt_infnan2  C:\Keil_v5\ARM\ARMCC\Bin\..\lib\armlib\m_wm.l(funder.o)
    0x08004ca2   0x08004ca2   0x00000002   PAD
    0x08004ca4   0x08004ca4   0x00000010   Code   RO         3504    i.__mathlib_flt_underflow  C:\Keil_v5\ARM\ARMCC\Bin\..\lib\armlib\m_wm.l(funder.o)
    0x08004cb4   0x08004cb4   0x00000030   Code   RO         1945    i.__sti___8_main_cpp_pc  .\build\main.o
    0x08004ce4   0x08004ce4   0x00000010   Code   RO         1918    i.__user_setup_stackheap  mbed/TARGET_NUCLEO_F401RE/TOOLCHAIN_ARM_STD/sys.o
    0x08004cf4   0x08004cf4   0x0000000e   Code   RO         3000    i._is_digit         C:\Keil_v5\ARM\ARMCC\Bin\..\lib\armlib\c_w.l(__printf_wp.o)
    0x08004d02   0x08004d02   0x00000002   PAD
    0x08004d04   0x08004d04   0x0000002c   Code   RO           40    i._sys_close        mbed/TARGET_NUCLEO_F401RE/TOOLCHAIN_ARM_STD/retarget.o
    0x08004d30   0x08004d30   0x00000028   Code   RO           43    i._sys_flen         mbed/TARGET_NUCLEO_F401RE/TOOLCHAIN_ARM_STD/retarget.o
    0x08004d58   0x08004d58   0x00000028   Code   RO           44    i._sys_istty        mbed/TARGET_NUCLEO_F401RE/TOOLCHAIN_ARM_STD/retarget.o
    0x08004d80   0x08004d80   0x00000134   Code   RO           45    i._sys_open         mbed/TARGET_NUCLEO_F401RE/TOOLCHAIN_ARM_STD/retarget.o
    0x08004eb4   0x08004eb4   0x00000028   Code   RO           47    i._sys_seek         mbed/TARGET_NUCLEO_F401RE/TOOLCHAIN_ARM_STD/retarget.o
    0x08004edc   0x08004edc   0x00000060   Code   RO           48    i._sys_write        mbed/TARGET_NUCLEO_F401RE/TOOLCHAIN_ARM_STD/retarget.o
    0x08004f3c   0x08004f3c   0x00000018   Code   RO         2911    i.error             mbed/TARGET_NUCLEO_F401RE/TOOLCHAIN_ARM_STD/mbed.ar(error.o)
    0x08004f54   0x08004f54   0x00000020   Code   RO           50    i.exit              mbed/TARGET_NUCLEO_F401RE/TOOLCHAIN_ARM_STD/retarget.o
    0x08004f74   0x08004f74   0x0000001a   Code   RO         3029    i.fputc             C:\Keil_v5\ARM\ARMCC\Bin\..\lib\armlib\c_w.l(fputc.o)
    0x08004f8e   0x08004f8e   0x00000002   PAD
    0x08004f90   0x08004f90   0x00000008   Code   RO         2740    i.get_us_ticker_data  mbed/TARGET_NUCLEO_F401RE/TOOLCHAIN_ARM_STD/mbed.ar(us_ticker_api.o)
    0x08004f98   0x08004f98   0x00000050   Code   RO         2775    i.gpio_dir          mbed/TARGET_NUCLEO_F401RE/TOOLCHAIN_ARM_STD/mbed.ar(gpio_api.o)
    0x08004fe8   0x08004fe8   0x00000038   Code   RO         2776    i.gpio_init         mbed/TARGET_NUCLEO_F401RE/TOOLCHAIN_ARM_STD/mbed.ar(gpio_api.o)
    0x08005020   0x08005020   0x00000048   Code   RO         2728    i.gpio_init_out     mbed/TARGET_NUCLEO_F401RE/TOOLCHAIN_ARM_STD/mbed.ar(gpio.o)
    0x08005068   0x08005068   0x00000008   Code   RO         2777    i.gpio_mode         mbed/TARGET_NUCLEO_F401RE/TOOLCHAIN_ARM_STD/mbed.ar(gpio_api.o)
    0x08005070   0x08005070   0x00000200   Code   RO         1946    i.main              .\build\main.o
    0x08005270   0x08005270   0x00000040   Code   RO         2687    i.mbed_assert_internal  mbed/TARGET_NUCLEO_F401RE/TOOLCHAIN_ARM_STD/mbed.ar(assert.o)
    0x080052b0   0x080052b0   0x00000054   Code   RO            3    i.mbed_die          mbed/TARGET_NUCLEO_F401RE/TOOLCHAIN_ARM_STD/board.o
    0x08005304   0x08005304   0x00000002   Code   RO           51    i.mbed_main         mbed/TARGET_NUCLEO_F401RE/TOOLCHAIN_ARM_STD/retarget.o
    0x08005306   0x08005306   0x0000000e   Code   RO           28    i.mbed_sdk_init     mbed/TARGET_NUCLEO_F401RE/TOOLCHAIN_ARM_STD/mbed_overrides.o
    0x08005314   0x08005314   0x0000006c   Code   RO         2789    i.pin_function      mbed/TARGET_NUCLEO_F401RE/TOOLCHAIN_ARM_STD/mbed.ar(pinmap.o)
    0x08005380   0x08005380   0x00000058   Code   RO         2790    i.pin_mode          mbed/TARGET_NUCLEO_F401RE/TOOLCHAIN_ARM_STD/mbed.ar(pinmap.o)
    0x080053d8   0x080053d8   0x00000038   Code   RO         2920    i.pinmap_merge      mbed/TARGET_NUCLEO_F401RE/TOOLCHAIN_ARM_STD/mbed.ar(pinmap_common.o)
    0x08005410   0x08005410   0x0000005c   Code   RO         2921    i.pinmap_peripheral  mbed/TARGET_NUCLEO_F401RE/TOOLCHAIN_ARM_STD/mbed.ar(pinmap_common.o)
    0x0800546c   0x0800546c   0x00000058   Code   RO         2922    i.pinmap_pinout     mbed/TARGET_NUCLEO_F401RE/TOOLCHAIN_ARM_STD/mbed.ar(pinmap_common.o)
    0x080054c4   0x080054c4   0x00000188   Code   RO         2464    i.serial_init       mbed/TARGET_NUCLEO_F401RE/TOOLCHAIN_ARM_STD/mbed.ar(serial_api.o)
    0x0800564c   0x0800564c   0x00000018   Code   RO         2465    i.serial_irq_handler  mbed/TARGET_NUCLEO_F401RE/TOOLCHAIN_ARM_STD/mbed.ar(serial_api.o)
    0x08005664   0x08005664   0x00000024   Code   RO         2468    i.serial_putc       mbed/TARGET_NUCLEO_F401RE/TOOLCHAIN_ARM_STD/mbed.ar(serial_api.o)
    0x08005688   0x08005688   0x0000004e   Code   RO         2935    i.ticker_irq_handler  mbed/TARGET_NUCLEO_F401RE/TOOLCHAIN_ARM_STD/mbed.ar(ticker_api.o)
    0x080056d6   0x080056d6   0x00000006   Code   RO         2936    i.ticker_read       mbed/TARGET_NUCLEO_F401RE/TOOLCHAIN_ARM_STD/mbed.ar(ticker_api.o)
    0x080056dc   0x080056dc   0x00000054   Code   RO           19    i.timer_irq_handler  mbed/TARGET_NUCLEO_F401RE/TOOLCHAIN_ARM_STD/hal_tick.o
    0x08005730   0x08005730   0x00000010   Code   RO         2799    i.us_ticker_clear_interrupt  mbed/TARGET_NUCLEO_F401RE/TOOLCHAIN_ARM_STD/mbed.ar(us_ticker.o)
    0x08005740   0x08005740   0x00000014   Code   RO         2800    i.us_ticker_disable_interrupt  mbed/TARGET_NUCLEO_F401RE/TOOLCHAIN_ARM_STD/mbed.ar(us_ticker.o)
    0x08005754   0x08005754   0x00000028   Code   RO         2801    i.us_ticker_init    mbed/TARGET_NUCLEO_F401RE/TOOLCHAIN_ARM_STD/mbed.ar(us_ticker.o)
    0x0800577c   0x0800577c   0x0000000c   Code   RO         2741    i.us_ticker_irq_handler  mbed/TARGET_NUCLEO_F401RE/TOOLCHAIN_ARM_STD/mbed.ar(us_ticker_api.o)
    0x08005788   0x08005788   0x00000030   Code   RO         2802    i.us_ticker_read    mbed/TARGET_NUCLEO_F401RE/TOOLCHAIN_ARM_STD/mbed.ar(us_ticker.o)
    0x080057b8   0x080057b8   0x00000014   Code   RO         2803    i.us_ticker_set_interrupt  mbed/TARGET_NUCLEO_F401RE/TOOLCHAIN_ARM_STD/mbed.ar(us_ticker.o)
    0x080057cc   0x080057cc   0x0000001c   Code   RO         2752    i.wait_ms           mbed/TARGET_NUCLEO_F401RE/TOOLCHAIN_ARM_STD/mbed.ar(wait_api.o)
    0x080057e8   0x080057e8   0x0000002c   Code   RO         3646    locale$$code        C:\Keil_v5\ARM\ARMCC\Bin\..\lib\armlib\c_w.l(lc_numeric_c.o)
    0x08005814   0x08005814   0x0000002c   Code   RO         3804    locale$$code        C:\Keil_v5\ARM\ARMCC\Bin\..\lib\armlib\c_w.l(lc_ctype_c.o)
    0x08005840   0x08005840   0x0000000c   Code   RO         3483    x$fpl$dretinf       C:\Keil_v5\ARM\ARMCC\Bin\..\lib\armlib\fz_wm.l(dretinf.o)
    0x0800584c   0x0800584c   0x00000056   Code   RO         3208    x$fpl$f2d           C:\Keil_v5\ARM\ARMCC\Bin\..\lib\armlib\fz_wm.l(f2d.o)
    0x080058a2   0x080058a2   0x0000008c   Code   RO         3485    x$fpl$fnaninf       C:\Keil_v5\ARM\ARMCC\Bin\..\lib\armlib\fz_wm.l(fnaninf.o)
    0x0800592e   0x0800592e   0x0000000a   Code   RO         3707    x$fpl$fpinit        C:\Keil_v5\ARM\ARMCC\Bin\..\lib\armlib\fz_wm.l(fpinit.o)
    0x08005938   0x08005938   0x00000004   Code   RO         3210    x$fpl$printf1       C:\Keil_v5\ARM\ARMCC\Bin\..\lib\armlib\fz_wm.l(printf1.o)
    0x0800593c   0x0800593c   0x00000004   Code   RO         3487    x$fpl$printf2       C:\Keil_v5\ARM\ARMCC\Bin\..\lib\armlib\fz_wm.l(printf2.o)
    0x08005940   0x08005940   0x00000000   Code   RO         3495    x$fpl$usenofp       C:\Keil_v5\ARM\ARMCC\Bin\..\lib\armlib\fz_wm.l(usenofp.o)
    0x08005940   0x08005940   0x00000086   Data   RO            4    .constdata          mbed/TARGET_NUCLEO_F401RE/TOOLCHAIN_ARM_STD/board.o
    0x080059c6   0x080059c6   0x00000017   Data   RO           93    .constdata          mbed/TARGET_NUCLEO_F401RE/TOOLCHAIN_ARM_STD/retarget.o
    0x080059dd   0x080059dd   0x00000010   Data   RO          988    .constdata          mbed/TARGET_NUCLEO_F401RE/TOOLCHAIN_ARM_STD/stm32f4xx_hal_rcc.o
    0x080059ed   0x080059ed   0x00000010   Data   RO         1928    .constdata          mbed/TARGET_NUCLEO_F401RE/TOOLCHAIN_ARM_STD/system_stm32f4xx.o
    0x080059fd   0x080059fd   0x00000003   PAD
    0x08005a00   0x08005a00   0x00000080   Data   RO         2475    .constdata          mbed/TARGET_NUCLEO_F401RE/TOOLCHAIN_ARM_STD/mbed.ar(serial_api.o)
    0x08005a80   0x08005a80   0x00000086   Data   RO         2730    .constdata          mbed/TARGET_NUCLEO_F401RE/TOOLCHAIN_ARM_STD/mbed.ar(gpio.o)
    0x08005b06   0x08005b06   0x00000002   PAD
    0x08005b08   0x08005b08   0x00000014   Data   RO         2742    .constdata          mbed/TARGET_NUCLEO_F401RE/TOOLCHAIN_ARM_STD/mbed.ar(us_ticker_api.o)
    0x08005b1c   0x08005b1c   0x00000008   Data   RO         2743    .constdata          mbed/TARGET_NUCLEO_F401RE/TOOLCHAIN_ARM_STD/mbed.ar(us_ticker_api.o)
    0x08005b24   0x08005b24   0x00000048   Data   RO         2765    .constdata          mbed/TARGET_NUCLEO_F401RE/TOOLCHAIN_ARM_STD/mbed.ar(PeripheralPins.o)
    0x08005b6c   0x08005b6c   0x00000048   Data   RO         2766    .constdata          mbed/TARGET_NUCLEO_F401RE/TOOLCHAIN_ARM_STD/mbed.ar(PeripheralPins.o)
    0x08005bb4   0x08005bb4   0x0000007c   Data   RO         2779    .constdata          mbed/TARGET_NUCLEO_F401RE/TOOLCHAIN_ARM_STD/mbed.ar(gpio_api.o)
    0x08005c30   0x08005c30   0x000000bc   Data   RO         2791    .constdata          mbed/TARGET_NUCLEO_F401RE/TOOLCHAIN_ARM_STD/mbed.ar(pinmap.o)
    0x08005cec   0x08005cec   0x00000028   Data   RO         2988    .constdata          C:\Keil_v5\ARM\ARMCC\Bin\..\lib\armlib\c_w.l(_printf_hex_int_ll_ptr.o)
    0x08005d14   0x08005d14   0x00000011   Data   RO         3008    .constdata          C:\Keil_v5\ARM\ARMCC\Bin\..\lib\armlib\c_w.l(__printf_flags_ss_wp.o)
    0x08005d25   0x08005d25   0x00000003   PAD
    0x08005d28   0x08005d28   0x00000008   Data   RO         3324    .constdata          C:\Keil_v5\ARM\ARMCC\Bin\..\lib\armlib\c_w.l(_printf_wctomb.o)
    0x08005d30   0x08005d30   0x00000026   Data   RO         3572    .constdata          C:\Keil_v5\ARM\ARMCC\Bin\..\lib\armlib\c_w.l(_printf_fp_hex.o)
    0x08005d56   0x08005d56   0x00000002   PAD
    0x08005d58   0x08005d58   0x00000094   Data   RO         3591    .constdata          C:\Keil_v5\ARM\ARMCC\Bin\..\lib\armlib\c_w.l(bigflt0.o)
    0x08005dec   0x08005dec   0x0000002c   Data   RO          144    .constdata__ZTVN4mbed10FileHandleE  mbed/TARGET_NUCLEO_F401RE/TOOLCHAIN_ARM_STD/retarget.o
    0x08005e18   0x08005e18   0x00000010   Data   RO         2005    .constdata__ZTVN4mbed10SerialBaseE  .\build\main.o
    0x08005e28   0x08005e28   0x0000005c   Data   RO         2601    .constdata__ZTVN4mbed6SerialE  mbed/TARGET_NUCLEO_F401RE/TOOLCHAIN_ARM_STD/mbed.ar(Serial.o)
    0x08005e84   0x08005e84   0x00000044   Data   RO         2684    .constdata__ZTVN4mbed6StreamE  mbed/TARGET_NUCLEO_F401RE/TOOLCHAIN_ARM_STD/mbed.ar(Stream.o)
    0x08005ec8   0x08005ec8   0x00000010   Data   RO         2863    .constdata__ZTVN4mbed8FileBaseE  mbed/TARGET_NUCLEO_F401RE/TOOLCHAIN_ARM_STD/mbed.ar(FileBase.o)
    0x08005ed8   0x08005ed8   0x0000003c   Data   RO         2833    .constdata__ZTVN4mbed8FileLikeE  mbed/TARGET_NUCLEO_F401RE/TOOLCHAIN_ARM_STD/mbed.ar(FileLike.o)
    0x08005f14   0x08005f14   0x00000020   Data   RO         3905    Region$$Table       anon$$obj.o
    0x08005f34   0x08005f34   0x0000001c   Data   RO         3645    locale$$data        C:\Keil_v5\ARM\ARMCC\Bin\..\lib\armlib\c_w.l(lc_numeric_c.o)
    0x08005f50   0x08005f50   0x00000110   Data   RO         3803    locale$$data        C:\Keil_v5\ARM\ARMCC\Bin\..\lib\armlib\c_w.l(lc_ctype_c.o)
    0x08006060   0x08006060   0x00000004   Data   RO         1957    .init_array         .\build\main.o
    0x08006064   0x08006060   0x00000000   Data   RO         3084    .init_array         C:\Keil_v5\ARM\ARMCC\Bin\..\lib\armlib\c_w.l(init_aeabi.o)


    Execution Region RW_IRAM1 (Exec base: 0x20000194, Load base: 0x08006064, Size: 0x0000d6c8, Max: 0x00017e6c, ABSOLUTE)

    Exec Addr    Load Addr    Size         Type   Attr      Idx    E Section Name        Object

    0x20000194   0x08006064   0x00000004   Data   RW           21    .data               mbed/TARGET_NUCLEO_F401RE/TOOLCHAIN_ARM_STD/hal_tick.o
    0x20000198   0x08006068   0x00000004   Data   RW          177    .data               mbed/TARGET_NUCLEO_F401RE/TOOLCHAIN_ARM_STD/stm32f4xx_hal.o
    0x2000019c   0x0800606c   0x00000004   Data   RW         1929    .data               mbed/TARGET_NUCLEO_F401RE/TOOLCHAIN_ARM_STD/system_stm32f4xx.o
    0x200001a0   0x08006070   0x00000036   Data   RW         1956    .data               .\build\main.o
    0x200001d6   0x080060a6   0x00000002   PAD
    0x200001d8   0x080060a8   0x00000008   Data   RW         2476    .data               mbed/TARGET_NUCLEO_F401RE/TOOLCHAIN_ARM_STD/mbed.ar(serial_api.o)
    0x200001e0   0x080060b0   0x00000008   Data   RW         2744    .data               mbed/TARGET_NUCLEO_F401RE/TOOLCHAIN_ARM_STD/mbed.ar(us_ticker_api.o)
    0x200001e8   0x080060b8   0x00000004   Data   RW         2805    .data               mbed/TARGET_NUCLEO_F401RE/TOOLCHAIN_ARM_STD/mbed.ar(us_ticker.o)
    0x200001ec   0x080060bc   0x00000004   Data   RW         2852    .data               mbed/TARGET_NUCLEO_F401RE/TOOLCHAIN_ARM_STD/mbed.ar(FileBase.o)
    0x200001f0   0x080060c0   0x00000004   Data   RW         3041    .data               C:\Keil_v5\ARM\ARMCC\Bin\..\lib\armlib\c_w.l(stdio_streams.o)
    0x200001f4   0x080060c4   0x00000004   Data   RW         3042    .data               C:\Keil_v5\ARM\ARMCC\Bin\..\lib\armlib\c_w.l(stdio_streams.o)
    0x200001f8   0x080060c8   0x00000004   Data   RW         3043    .data               C:\Keil_v5\ARM\ARMCC\Bin\..\lib\armlib\c_w.l(stdio_streams.o)
    0x200001fc   0x080060cc   0x00000004   Data   RW         3747    .data               C:\Keil_v5\ARM\ARMCC\Bin\..\lib\armlib\c_w.l(heapauxa.o)
    0x20000200        -       0x0000003c   Zero   RW           20    .bss                mbed/TARGET_NUCLEO_F401RE/TOOLCHAIN_ARM_STD/hal_tick.o
    0x2000023c        -       0x00000040   Zero   RW           92    .bss                mbed/TARGET_NUCLEO_F401RE/TOOLCHAIN_ARM_STD/retarget.o
    0x2000027c        -       0x0000d328   Zero   RW         1955    .bss                .\build\main.o
    0x2000d5a4        -       0x0000007c   Zero   RW         2474    .bss                mbed/TARGET_NUCLEO_F401RE/TOOLCHAIN_ARM_STD/mbed.ar(serial_api.o)
    0x2000d620        -       0x0000003c   Zero   RW         2804    .bss                mbed/TARGET_NUCLEO_F401RE/TOOLCHAIN_ARM_STD/mbed.ar(us_ticker.o)
    0x2000d65c        -       0x00000054   Zero   RW         3038    .bss                C:\Keil_v5\ARM\ARMCC\Bin\..\lib\armlib\c_w.l(stdio_streams.o)
    0x2000d6b0        -       0x00000054   Zero   RW         3039    .bss                C:\Keil_v5\ARM\ARMCC\Bin\..\lib\armlib\c_w.l(stdio_streams.o)
    0x2000d704        -       0x00000054   Zero   RW         3040    .bss                C:\Keil_v5\ARM\ARMCC\Bin\..\lib\armlib\c_w.l(stdio_streams.o)
    0x2000d758        -       0x000000e4   Zero   RW         3058    .bss                C:\Keil_v5\ARM\ARMCC\Bin\..\lib\armlib\c_w.l(rand.o)
    0x2000d83c        -       0x00000004   Zero   RW         3233    .bss                C:\Keil_v5\ARM\ARMCC\Bin\..\lib\armlib\c_w.l(rt_ddtor_pointer_addr.o)
    0x2000d840        -       0x00000004   Zero   RW         3533    .bss                C:\Keil_v5\ARM\ARMCC\Bin\..\lib\armlib\c_w.l(rt_heap_descriptor.o)
    0x2000d844        -       0x00000014   Zero   RW         3538    .bss                C:\Keil_v5\ARM\ARMCC\Bin\..\lib\armlib\c_w.l(rt_locale.o)
    0x2000d858        -       0x00000004   Zero   RW         3543    .bss                C:\Keil_v5\ARM\ARMCC\Bin\..\lib\armlib\c_w.l(rt_errno_addr.o)


==============================================================================

Image component sizes


      Code (inc. data)   RO Data    RW Data    ZI Data      Debug   Object Name

        84          4        134          0          0        124   mbed/TARGET_NUCLEO_F401RE/TOOLCHAIN_ARM_STD/board.o
       108          6          0          0          0        132   mbed/TARGET_NUCLEO_F401RE/TOOLCHAIN_ARM_STD/cmsis_nvic.o
       264         46          0          4         60        256   mbed/TARGET_NUCLEO_F401RE/TOOLCHAIN_ARM_STD/hal_tick.o
      2068        452         20         54      54056     172012   .\build\main.o
        14          0          0          0          0        128   mbed/TARGET_NUCLEO_F401RE/TOOLCHAIN_ARM_STD/mbed_overrides.o
       732         80         67          0         64       1492   mbed/TARGET_NUCLEO_F401RE/TOOLCHAIN_ARM_STD/retarget.o
        36          8        404          0          0        276   mbed/TARGET_NUCLEO_F401RE/TOOLCHAIN_ARM_STD/startup_stm32f401xe.o
        82         16          0          4          0        472   mbed/TARGET_NUCLEO_F401RE/TOOLCHAIN_ARM_STD/stm32f4xx_hal.o
        36          6          0          0          0        116   mbed/TARGET_NUCLEO_F401RE/TOOLCHAIN_ARM_STD/stm32f4xx_hal_cortex.o
       520         26          0          0          0        140   mbed/TARGET_NUCLEO_F401RE/TOOLCHAIN_ARM_STD/stm32f4xx_hal_gpio.o
      1840         94         16          0          0        652   mbed/TARGET_NUCLEO_F401RE/TOOLCHAIN_ARM_STD/stm32f4xx_hal_rcc.o
       258         16          0          0          0        488   mbed/TARGET_NUCLEO_F401RE/TOOLCHAIN_ARM_STD/stm32f4xx_hal_tim.o
       632         14          0          0          0        376   mbed/TARGET_NUCLEO_F401RE/TOOLCHAIN_ARM_STD/stm32f4xx_hal_uart.o
        16          6          0          0          0        116   mbed/TARGET_NUCLEO_F401RE/TOOLCHAIN_ARM_STD/sys.o
       544         74         16          4          0        400   mbed/TARGET_NUCLEO_F401RE/TOOLCHAIN_ARM_STD/system_stm32f4xx.o

    ----------------------------------------------------------------------
      7242        848        692         68      54180     177180   Object Totals
         0          0         32          0          0          0   (incl. Generated)
         8          0          3          2          0          0   (incl. Padding)

    ----------------------------------------------------------------------

      Code (inc. data)   RO Data    RW Data    ZI Data      Debug   Library Member Name

        60          8          0          0          0         84   C:\Keil_v5\ARM\ARMCC\Bin\..\lib\armlib\c_w.l(__0sscanf.o)
        24          4          0          0          0         84   C:\Keil_v5\ARM\ARMCC\Bin\..\lib\armlib\c_w.l(__2printf.o)
        56          6          0          0          0         88   C:\Keil_v5\ARM\ARMCC\Bin\..\lib\armlib\c_w.l(__2snprintf.o)
        44          6          0          0          0         84   C:\Keil_v5\ARM\ARMCC\Bin\..\lib\armlib\c_w.l(__2sprintf.o)
         8          0          0          0          0         68   C:\Keil_v5\ARM\ARMCC\Bin\..\lib\armlib\c_w.l(__main.o)
       392          4         17          0          0         92   C:\Keil_v5\ARM\ARMCC\Bin\..\lib\armlib\c_w.l(__printf_flags_ss_wp.o)
        14          0          0          0          0         68   C:\Keil_v5\ARM\ARMCC\Bin\..\lib\armlib\c_w.l(__printf_wp.o)
         0          0          0          0          0          0   C:\Keil_v5\ARM\ARMCC\Bin\..\lib\armlib\c_w.l(__rtentry.o)
        12          0          0          0          0          0   C:\Keil_v5\ARM\ARMCC\Bin\..\lib\armlib\c_w.l(__rtentry2.o)
         6          0          0          0          0          0   C:\Keil_v5\ARM\ARMCC\Bin\..\lib\armlib\c_w.l(__rtentry4.o)
        52          8          0          0          0          0   C:\Keil_v5\ARM\ARMCC\Bin\..\lib\armlib\c_w.l(__scatter.o)
        26          0          0          0          0          0   C:\Keil_v5\ARM\ARMCC\Bin\..\lib\armlib\c_w.l(__scatter_copy.o)
        28          0          0          0          0          0   C:\Keil_v5\ARM\ARMCC\Bin\..\lib\armlib\c_w.l(__scatter_zi.o)
        28          0          0          0          0         68   C:\Keil_v5\ARM\ARMCC\Bin\..\lib\armlib\c_w.l(_chval.o)
         6          0          0          0          0          0   C:\Keil_v5\ARM\ARMCC\Bin\..\lib\armlib\c_w.l(_printf_a.o)
         6          0          0          0          0          0   C:\Keil_v5\ARM\ARMCC\Bin\..\lib\armlib\c_w.l(_printf_c.o)
        44          0          0          0          0        108   C:\Keil_v5\ARM\ARMCC\Bin\..\lib\armlib\c_w.l(_printf_char.o)
        48          6          0          0          0         96   C:\Keil_v5\ARM\ARMCC\Bin\..\lib\armlib\c_w.l(_printf_char_common.o)
        36          4          0          0          0         80   C:\Keil_v5\ARM\ARMCC\Bin\..\lib\armlib\c_w.l(_printf_char_file.o)
        40          0          0          0          0         68   C:\Keil_v5\ARM\ARMCC\Bin\..\lib\armlib\c_w.l(_printf_charcount.o)
         6          0          0          0          0          0   C:\Keil_v5\ARM\ARMCC\Bin\..\lib\armlib\c_w.l(_printf_d.o)
       120         16          0          0          0         92   C:\Keil_v5\ARM\ARMCC\Bin\..\lib\armlib\c_w.l(_printf_dec.o)
         6          0          0          0          0          0   C:\Keil_v5\ARM\ARMCC\Bin\..\lib\armlib\c_w.l(_printf_e.o)
         6          0          0          0          0          0   C:\Keil_v5\ARM\ARMCC\Bin\..\lib\armlib\c_w.l(_printf_f.o)
      1054          0          0          0          0        216   C:\Keil_v5\ARM\ARMCC\Bin\..\lib\armlib\c_w.l(_printf_fp_dec.o)
       764          8         38          0          0        100   C:\Keil_v5\ARM\ARMCC\Bin\..\lib\armlib\c_w.l(_printf_fp_hex.o)
       128         16          0          0          0         84   C:\Keil_v5\ARM\ARMCC\Bin\..\lib\armlib\c_w.l(_printf_fp_infnan.o)
         6          0          0          0          0          0   C:\Keil_v5\ARM\ARMCC\Bin\..\lib\armlib\c_w.l(_printf_g.o)
       148          4         40          0          0        160   C:\Keil_v5\ARM\ARMCC\Bin\..\lib\armlib\c_w.l(_printf_hex_int_ll_ptr.o)
         6          0          0          0          0          0   C:\Keil_v5\ARM\ARMCC\Bin\..\lib\armlib\c_w.l(_printf_i.o)
       178          0          0          0          0         88   C:\Keil_v5\ARM\ARMCC\Bin\..\lib\armlib\c_w.l(_printf_intcommon.o)
        10          0          0          0          0          0   C:\Keil_v5\ARM\ARMCC\Bin\..\lib\armlib\c_w.l(_printf_l.o)
         6          0          0          0          0          0   C:\Keil_v5\ARM\ARMCC\Bin\..\lib\armlib\c_w.l(_printf_lc.o)
        10          0          0          0          0          0   C:\Keil_v5\ARM\ARMCC\Bin\..\lib\armlib\c_w.l(_printf_ll.o)
         6          0          0          0          0          0   C:\Keil_v5\ARM\ARMCC\Bin\..\lib\armlib\c_w.l(_printf_lld.o)
         6          0          0          0          0          0   C:\Keil_v5\ARM\ARMCC\Bin\..\lib\armlib\c_w.l(_printf_lli.o)
         6          0          0          0          0          0   C:\Keil_v5\ARM\ARMCC\Bin\..\lib\armlib\c_w.l(_printf_llo.o)
         6          0          0          0          0          0   C:\Keil_v5\ARM\ARMCC\Bin\..\lib\armlib\c_w.l(_printf_llu.o)
         6          0          0          0          0          0   C:\Keil_v5\ARM\ARMCC\Bin\..\lib\armlib\c_w.l(_printf_llx.o)
       124         16          0          0          0         92   C:\Keil_v5\ARM\ARMCC\Bin\..\lib\armlib\c_w.l(_printf_longlong_dec.o)
         6          0          0          0          0          0   C:\Keil_v5\ARM\ARMCC\Bin\..\lib\armlib\c_w.l(_printf_ls.o)
         6          0          0          0          0          0   C:\Keil_v5\ARM\ARMCC\Bin\..\lib\armlib\c_w.l(_printf_n.o)
         6          0          0          0          0          0   C:\Keil_v5\ARM\ARMCC\Bin\..\lib\armlib\c_w.l(_printf_o.o)
       112         10          0          0          0        124   C:\Keil_v5\ARM\ARMCC\Bin\..\lib\armlib\c_w.l(_printf_oct_int_ll.o)
         6          0          0          0          0          0   C:\Keil_v5\ARM\ARMCC\Bin\..\lib\armlib\c_w.l(_printf_p.o)
        78          0          0          0          0        108   C:\Keil_v5\ARM\ARMCC\Bin\..\lib\armlib\c_w.l(_printf_pad.o)
         0          0          0          0          0          0   C:\Keil_v5\ARM\ARMCC\Bin\..\lib\armlib\c_w.l(_printf_percent.o)
         4          0          0          0          0          0   C:\Keil_v5\ARM\ARMCC\Bin\..\lib\armlib\c_w.l(_printf_percent_end.o)
         6          0          0          0          0          0   C:\Keil_v5\ARM\ARMCC\Bin\..\lib\armlib\c_w.l(_printf_s.o)
        82          0          0          0          0         80   C:\Keil_v5\ARM\ARMCC\Bin\..\lib\armlib\c_w.l(_printf_str.o)
        36          0          0          0          0         84   C:\Keil_v5\ARM\ARMCC\Bin\..\lib\armlib\c_w.l(_printf_truncate.o)
         6          0          0          0          0          0   C:\Keil_v5\ARM\ARMCC\Bin\..\lib\armlib\c_w.l(_printf_u.o)
        44          0          0          0          0        108   C:\Keil_v5\ARM\ARMCC\Bin\..\lib\armlib\c_w.l(_printf_wchar.o)
       188          6          8          0          0         92   C:\Keil_v5\ARM\ARMCC\Bin\..\lib\armlib\c_w.l(_printf_wctomb.o)
         6          0          0          0          0          0   C:\Keil_v5\ARM\ARMCC\Bin\..\lib\armlib\c_w.l(_printf_x.o)
       884          6          0          0          0        100   C:\Keil_v5\ARM\ARMCC\Bin\..\lib\armlib\c_w.l(_scanf.o)
       332          0          0          0          0         96   C:\Keil_v5\ARM\ARMCC\Bin\..\lib\armlib\c_w.l(_scanf_int.o)
        64          0          0          0          0         84   C:\Keil_v5\ARM\ARMCC\Bin\..\lib\armlib\c_w.l(_sgetc.o)
        16          0          0          0          0         68   C:\Keil_v5\ARM\ARMCC\Bin\..\lib\armlib\c_w.l(_snputc.o)
        10          0          0          0          0         68   C:\Keil_v5\ARM\ARMCC\Bin\..\lib\armlib\c_w.l(_sputc.o)
        64          0          0          0          0         92   C:\Keil_v5\ARM\ARMCC\Bin\..\lib\armlib\c_w.l(_wcrtomb.o)
        46          0          0          0          0         84   C:\Keil_v5\ARM\ARMCC\Bin\..\lib\armlib\c_w.l(aeabi_atexit.o)
       228          4        148          0          0         96   C:\Keil_v5\ARM\ARMCC\Bin\..\lib\armlib\c_w.l(bigflt0.o)
      1936        128          0          0          0        672   C:\Keil_v5\ARM\ARMCC\Bin\..\lib\armlib\c_w.l(btod.o)
        66          0          0          0          0         84   C:\Keil_v5\ARM\ARMCC\Bin\..\lib\armlib\c_w.l(cxa_finalize.o)
        10          0          0          0          0         68   C:\Keil_v5\ARM\ARMCC\Bin\..\lib\armlib\c_w.l(defsig_exit.o)
        50          0          0          0          0         88   C:\Keil_v5\ARM\ARMCC\Bin\..\lib\armlib\c_w.l(defsig_general.o)
        48         34          0          0          0         76   C:\Keil_v5\ARM\ARMCC\Bin\..\lib\armlib\c_w.l(defsig_pvfn_inner.o)
        14          0          0          0          0         80   C:\Keil_v5\ARM\ARMCC\Bin\..\lib\armlib\c_w.l(defsig_pvfn_outer.o)
        80         58          0          0          0         76   C:\Keil_v5\ARM\ARMCC\Bin\..\lib\armlib\c_w.l(defsig_rtmem_inner.o)
        14          0          0          0          0         80   C:\Keil_v5\ARM\ARMCC\Bin\..\lib\armlib\c_w.l(defsig_rtmem_outer.o)
        52         38          0          0          0         76   C:\Keil_v5\ARM\ARMCC\Bin\..\lib\armlib\c_w.l(defsig_rtred_inner.o)
        14          0          0          0          0         80   C:\Keil_v5\ARM\ARMCC\Bin\..\lib\armlib\c_w.l(defsig_rtred_outer.o)
        76          0          0          0          0         88   C:\Keil_v5\ARM\ARMCC\Bin\..\lib\armlib\c_w.l(fclose.o)
         8          0          0          0          0         68   C:\Keil_v5\ARM\ARMCC\Bin\..\lib\armlib\c_w.l(ferror.o)
       100          4          0          0          0        120   C:\Keil_v5\ARM\ARMCC\Bin\..\lib\armlib\c_w.l(fflush.o)
       470          0          0          0          0         88   C:\Keil_v5\ARM\ARMCC\Bin\..\lib\armlib\c_w.l(flsbuf.o)
       236          4          0          0          0        128   C:\Keil_v5\ARM\ARMCC\Bin\..\lib\armlib\c_w.l(fopen.o)
        26          0          0          0          0         68   C:\Keil_v5\ARM\ARMCC\Bin\..\lib\armlib\c_w.l(fputc.o)
       248          6          0          0          0         84   C:\Keil_v5\ARM\ARMCC\Bin\..\lib\armlib\c_w.l(fseek.o)
        66          0          0          0          0         76   C:\Keil_v5\ARM\ARMCC\Bin\..\lib\armlib\c_w.l(ftell.o)
        94          0          0          0          0         80   C:\Keil_v5\ARM\ARMCC\Bin\..\lib\armlib\c_w.l(h1_alloc.o)
        52          0          0          0          0         68   C:\Keil_v5\ARM\ARMCC\Bin\..\lib\armlib\c_w.l(h1_extend.o)
        78          0          0          0          0         80   C:\Keil_v5\ARM\ARMCC\Bin\..\lib\armlib\c_w.l(h1_free.o)
        14          0          0          0          0         84   C:\Keil_v5\ARM\ARMCC\Bin\..\lib\armlib\c_w.l(h1_init.o)
        80          6          0          4          0         96   C:\Keil_v5\ARM\ARMCC\Bin\..\lib\armlib\c_w.l(heapauxa.o)
         4          0          0          0          0        136   C:\Keil_v5\ARM\ARMCC\Bin\..\lib\armlib\c_w.l(hguard.o)
         0          0          0          0          0          0   C:\Keil_v5\ARM\ARMCC\Bin\..\lib\armlib\c_w.l(indicate_semi.o)
        36         10          0          0          0         80   C:\Keil_v5\ARM\ARMCC\Bin\..\lib\armlib\c_w.l(init_aeabi.o)
       138          0          0          0          0        168   C:\Keil_v5\ARM\ARMCC\Bin\..\lib\armlib\c_w.l(init_alloc.o)
       312         46          0          0          0        112   C:\Keil_v5\ARM\ARMCC\Bin\..\lib\armlib\c_w.l(initio.o)
        18          0          0          0          0         76   C:\Keil_v5\ARM\ARMCC\Bin\..\lib\armlib\c_w.l(isspace.o)
        44         10        272          0          0         76   C:\Keil_v5\ARM\ARMCC\Bin\..\lib\armlib\c_w.l(lc_ctype_c.o)
        44         10         28          0          0         76   C:\Keil_v5\ARM\ARMCC\Bin\..\lib\armlib\c_w.l(lc_numeric_c.o)
         2          0          0          0          0          0   C:\Keil_v5\ARM\ARMCC\Bin\..\lib\armlib\c_w.l(libinit.o)
        54          0          0          0          0          0   C:\Keil_v5\ARM\ARMCC\Bin\..\lib\armlib\c_w.l(libinit2.o)
         0          0          0          0          0          0   C:\Keil_v5\ARM\ARMCC\Bin\..\lib\armlib\c_w.l(libshutdown2.o)
       138          0          0          0          0         80   C:\Keil_v5\ARM\ARMCC\Bin\..\lib\armlib\c_w.l(lludiv10.o)
         0          0          0          0          0          0   C:\Keil_v5\ARM\ARMCC\Bin\..\lib\armlib\c_w.l(maybetermalloc1.o)
       112         18          0          0        228        160   C:\Keil_v5\ARM\ARMCC\Bin\..\lib\armlib\c_w.l(rand.o)
        16          4          0          0          0         76   C:\Keil_v5\ARM\ARMCC\Bin\..\lib\armlib\c_w.l(rt_ctype_table.o)
         8          4          0          0          4         68   C:\Keil_v5\ARM\ARMCC\Bin\..\lib\armlib\c_w.l(rt_ddtor_pointer_addr.o)
         8          4          0          0          4         68   C:\Keil_v5\ARM\ARMCC\Bin\..\lib\armlib\c_w.l(rt_errno_addr.o)
         8          4          0          0          4         68   C:\Keil_v5\ARM\ARMCC\Bin\..\lib\armlib\c_w.l(rt_heap_descriptor.o)
         8          4          0          0         20         68   C:\Keil_v5\ARM\ARMCC\Bin\..\lib\armlib\c_w.l(rt_locale.o)
        68          0          0          0          0         68   C:\Keil_v5\ARM\ARMCC\Bin\..\lib\armlib\c_w.l(rt_memclr.o)
        78          0          0          0          0         80   C:\Keil_v5\ARM\ARMCC\Bin\..\lib\armlib\c_w.l(rt_memclr_w.o)
       100          0          0          0          0         80   C:\Keil_v5\ARM\ARMCC\Bin\..\lib\armlib\c_w.l(rt_memcpy_w.o)
       122          0          0          0          0         80   C:\Keil_v5\ARM\ARMCC\Bin\..\lib\armlib\c_w.l(rt_memmove_w.o)
        44          8          0          0          0         84   C:\Keil_v5\ARM\ARMCC\Bin\..\lib\armlib\c_w.l(scanf_char.o)
        20          0          0          0          0         68   C:\Keil_v5\ARM\ARMCC\Bin\..\lib\armlib\c_w.l(setbuf.o)
        70          0          0          0          0         80   C:\Keil_v5\ARM\ARMCC\Bin\..\lib\armlib\c_w.l(setvbuf.o)
       240          6          0          0          0        156   C:\Keil_v5\ARM\ARMCC\Bin\..\lib\armlib\c_w.l(stdio.o)
         0          0          0         12        252          0   C:\Keil_v5\ARM\ARMCC\Bin\..\lib\armlib\c_w.l(stdio_streams.o)
       128          0          0          0          0         68   C:\Keil_v5\ARM\ARMCC\Bin\..\lib\armlib\c_w.l(strcmpv7m.o)
        62          0          0          0          0         76   C:\Keil_v5\ARM\ARMCC\Bin\..\lib\armlib\c_w.l(strlen.o)
       150          0          0          0          0         80   C:\Keil_v5\ARM\ARMCC\Bin\..\lib\armlib\c_w.l(strncmp.o)
        12          4          0          0          0         68   C:\Keil_v5\ARM\ARMCC\Bin\..\lib\armlib\c_w.l(sys_exit.o)
        14          0          0          0          0         76   C:\Keil_v5\ARM\ARMCC\Bin\..\lib\armlib\c_w.l(sys_wrch.o)
         2          0          0          0          0         68   C:\Keil_v5\ARM\ARMCC\Bin\..\lib\armlib\c_w.l(use_no_semi.o)
        10          0          0          0          0         68   C:\Keil_v5\ARM\ARMCC\Bin\..\lib\armlib\c_w.l(vfprintf.o)
        36          0          0          0          0         84   C:\Keil_v5\ARM\ARMCC\Bin\..\lib\cpplib\cpprt_w.l(aeabi_vec_ctor_nocookie_nodtor.o)
         6          0          0          0          0         68   C:\Keil_v5\ARM\ARMCC\Bin\..\lib\cpplib\cpprt_w.l(pure_virt.o)
        12          0          0          0          0        116   C:\Keil_v5\ARM\ARMCC\Bin\..\lib\armlib\fz_wm.l(dretinf.o)
        86          4          0          0          0        132   C:\Keil_v5\ARM\ARMCC\Bin\..\lib\armlib\fz_wm.l(f2d.o)
       140          4          0          0          0        132   C:\Keil_v5\ARM\ARMCC\Bin\..\lib\armlib\fz_wm.l(fnaninf.o)
        10          0          0          0          0        116   C:\Keil_v5\ARM\ARMCC\Bin\..\lib\armlib\fz_wm.l(fpinit.o)
         4          0          0          0          0        116   C:\Keil_v5\ARM\ARMCC\Bin\..\lib\armlib\fz_wm.l(printf1.o)
         4          0          0          0          0        116   C:\Keil_v5\ARM\ARMCC\Bin\..\lib\armlib\fz_wm.l(printf2.o)
         0          0          0          0          0          0   C:\Keil_v5\ARM\ARMCC\Bin\..\lib\armlib\fz_wm.l(usenofp.o)
       592         90          0          0          0        184   C:\Keil_v5\ARM\ARMCC\Bin\..\lib\armlib\m_wm.l(atan2f.o)
        48          0          0          0          0        124   C:\Keil_v5\ARM\ARMCC\Bin\..\lib\armlib\m_wm.l(fpclassify.o)
        38          0          0          0          0        116   C:\Keil_v5\ARM\ARMCC\Bin\..\lib\armlib\m_wm.l(fpclassifyf.o)
        22          6          0          0          0        232   C:\Keil_v5\ARM\ARMCC\Bin\..\lib\armlib\m_wm.l(funder.o)
       152         24         16          4          0        476   mbed/TARGET_NUCLEO_F401RE/TOOLCHAIN_ARM_STD/mbed.ar(FileBase.o)
        54         10         60          0          0        252   mbed/TARGET_NUCLEO_F401RE/TOOLCHAIN_ARM_STD/mbed.ar(FileLike.o)
       154          0          0          0          0        728   mbed/TARGET_NUCLEO_F401RE/TOOLCHAIN_ARM_STD/mbed.ar(FilePath.o)
         0          0        144          0          0          0   mbed/TARGET_NUCLEO_F401RE/TOOLCHAIN_ARM_STD/mbed.ar(PeripheralPins.o)
        54          4         92          0          0        364   mbed/TARGET_NUCLEO_F401RE/TOOLCHAIN_ARM_STD/mbed.ar(Serial.o)
       148         12          0          0          0        484   mbed/TARGET_NUCLEO_F401RE/TOOLCHAIN_ARM_STD/mbed.ar(SerialBase.o)
       154         16         68          0          0        856   mbed/TARGET_NUCLEO_F401RE/TOOLCHAIN_ARM_STD/mbed.ar(Stream.o)
       148          4          0          0          0        624   mbed/TARGET_NUCLEO_F401RE/TOOLCHAIN_ARM_STD/mbed.ar(Timer.o)
        64         52          0          0          0        116   mbed/TARGET_NUCLEO_F401RE/TOOLCHAIN_ARM_STD/mbed.ar(assert.o)
        24          4          0          0          0        128   mbed/TARGET_NUCLEO_F401RE/TOOLCHAIN_ARM_STD/mbed.ar(error.o)
        72          6        134          0          0        136   mbed/TARGET_NUCLEO_F401RE/TOOLCHAIN_ARM_STD/mbed.ar(gpio.o)
       144         28        124          0          0        388   mbed/TARGET_NUCLEO_F401RE/TOOLCHAIN_ARM_STD/mbed.ar(gpio_api.o)
       372         98        188          0          0        392   mbed/TARGET_NUCLEO_F401RE/TOOLCHAIN_ARM_STD/mbed.ar(pinmap.o)
       236         78          0          0          0        384   mbed/TARGET_NUCLEO_F401RE/TOOLCHAIN_ARM_STD/mbed.ar(pinmap_common.o)
       452         80        128          8        124        368   mbed/TARGET_NUCLEO_F401RE/TOOLCHAIN_ARM_STD/mbed.ar(serial_api.o)
        84          0          0          0          0        252   mbed/TARGET_NUCLEO_F401RE/TOOLCHAIN_ARM_STD/mbed.ar(ticker_api.o)
       144         46          0          4         60        588   mbed/TARGET_NUCLEO_F401RE/TOOLCHAIN_ARM_STD/mbed.ar(us_ticker.o)
        20         10         28          8          0        232   mbed/TARGET_NUCLEO_F401RE/TOOLCHAIN_ARM_STD/mbed.ar(us_ticker_api.o)
        28          0          0          0          0        128   mbed/TARGET_NUCLEO_F401RE/TOOLCHAIN_ARM_STD/mbed.ar(wait_api.o)

    ----------------------------------------------------------------------
     15202       1118       1540         40        696      16556   Library Totals
        36          0          7          0          0          0   (incl. Padding)

    ----------------------------------------------------------------------

      Code (inc. data)   RO Data    RW Data    ZI Data      Debug   Library Name

     11664        542        551         16        512       8124   C:\Keil_v5\ARM\ARMCC\Bin\..\lib\armlib\c_w.l
        42          0          0          0          0        152   C:\Keil_v5\ARM\ARMCC\Bin\..\lib\cpplib\cpprt_w.l
       256          8          0          0          0        728   C:\Keil_v5\ARM\ARMCC\Bin\..\lib\armlib\fz_wm.l
       700         96          0          0          0        656   C:\Keil_v5\ARM\ARMCC\Bin\..\lib\armlib\m_wm.l
      2504        472        982         24        184       6896   mbed/TARGET_NUCLEO_F401RE/TOOLCHAIN_ARM_STD/mbed.ar

    ----------------------------------------------------------------------
     15202       1118       1540         40        696      16556   Library Totals

    ----------------------------------------------------------------------

==============================================================================


      Code (inc. data)   RO Data    RW Data    ZI Data      Debug   

     22444       1966       2232        108      54876     178352   Grand Totals
     22444       1966       2232        108      54876     178352   ELF Image Totals
     22444       1966       2232        108          0          0   ROM Totals

==============================================================================

    Total RO  Size (Code + RO Data)                24676 (  24.10kB)
    Total RW  Size (RW Data + ZI Data)             54984 (  53.70kB)
    Total ROM Size (Code + RO Data + RW Data)      24784 (  24.20kB)

==============================================================================

